Archive member included to satisfy reference by file (symbol)

c:/progra~2/gnuarm~1/102021~1.10/bin/../lib/gcc/arm-none-eabi/10.3.1/../../../../arm-none-eabi/lib/thumb/v7-m/nofp\libg.a(lib_a-errno.o)
                              CMakeFiles/test3.elf.dir/Core/Src/syscalls.c.obj (__errno)
c:/progra~2/gnuarm~1/102021~1.10/bin/../lib/gcc/arm-none-eabi/10.3.1/../../../../arm-none-eabi/lib/thumb/v7-m/nofp\libg.a(lib_a-exit.o)
                              c:/progra~2/gnuarm~1/102021~1.10/bin/../lib/gcc/arm-none-eabi/10.3.1/../../../../arm-none-eabi/lib/thumb/v7-m/nofp/crt0.o (exit)
c:/progra~2/gnuarm~1/102021~1.10/bin/../lib/gcc/arm-none-eabi/10.3.1/../../../../arm-none-eabi/lib/thumb/v7-m/nofp\libg.a(lib_a-impure.o)
                              c:/progra~2/gnuarm~1/102021~1.10/bin/../lib/gcc/arm-none-eabi/10.3.1/../../../../arm-none-eabi/lib/thumb/v7-m/nofp\libg.a(lib_a-exit.o) (_global_impure_ptr)
c:/progra~2/gnuarm~1/102021~1.10/bin/../lib/gcc/arm-none-eabi/10.3.1/../../../../arm-none-eabi/lib/thumb/v7-m/nofp\libg.a(lib_a-init.o)
                              c:/progra~2/gnuarm~1/102021~1.10/bin/../lib/gcc/arm-none-eabi/10.3.1/../../../../arm-none-eabi/lib/thumb/v7-m/nofp/crt0.o (__libc_init_array)
c:/progra~2/gnuarm~1/102021~1.10/bin/../lib/gcc/arm-none-eabi/10.3.1/../../../../arm-none-eabi/lib/thumb/v7-m/nofp\libg.a(lib_a-memset.o)
                              c:/progra~2/gnuarm~1/102021~1.10/bin/../lib/gcc/arm-none-eabi/10.3.1/../../../../arm-none-eabi/lib/thumb/v7-m/nofp/crt0.o (memset)
c:/progra~2/gnuarm~1/102021~1.10/bin/../lib/gcc/arm-none-eabi/10.3.1/../../../../arm-none-eabi/lib/thumb/v7-m/nofp\libg.a(lib_a-rand.o)
                              CMakeFiles/test3.elf.dir/ContrlSys/ctr.c.obj (srand)
c:/progra~2/gnuarm~1/102021~1.10/bin/../lib/gcc/arm-none-eabi/10.3.1/../../../../arm-none-eabi/lib/thumb/v7-m/nofp\libg.a(lib_a-__call_atexit.o)
                              c:/progra~2/gnuarm~1/102021~1.10/bin/../lib/gcc/arm-none-eabi/10.3.1/../../../../arm-none-eabi/lib/thumb/v7-m/nofp\libg.a(lib_a-exit.o) (__call_exitprocs)
c:/progra~2/gnuarm~1/102021~1.10/bin/../lib/gcc/arm-none-eabi/10.3.1/../../../../arm-none-eabi/lib/thumb/v7-m/nofp\libg.a(lib_a-atexit.o)
                              c:/progra~2/gnuarm~1/102021~1.10/bin/../lib/gcc/arm-none-eabi/10.3.1/../../../../arm-none-eabi/lib/thumb/v7-m/nofp\libg.a(lib_a-__call_atexit.o) (atexit)
c:/progra~2/gnuarm~1/102021~1.10/bin/../lib/gcc/arm-none-eabi/10.3.1/../../../../arm-none-eabi/lib/thumb/v7-m/nofp\libg.a(lib_a-fini.o)
                              c:/progra~2/gnuarm~1/102021~1.10/bin/../lib/gcc/arm-none-eabi/10.3.1/../../../../arm-none-eabi/lib/thumb/v7-m/nofp\libg.a(lib_a-__call_atexit.o) (__libc_fini_array)
c:/progra~2/gnuarm~1/102021~1.10/bin/../lib/gcc/arm-none-eabi/10.3.1/../../../../arm-none-eabi/lib/thumb/v7-m/nofp\libg.a(lib_a-lock.o)
                              c:/progra~2/gnuarm~1/102021~1.10/bin/../lib/gcc/arm-none-eabi/10.3.1/../../../../arm-none-eabi/lib/thumb/v7-m/nofp\libg.a(lib_a-__call_atexit.o) (__retarget_lock_acquire_recursive)
c:/progra~2/gnuarm~1/102021~1.10/bin/../lib/gcc/arm-none-eabi/10.3.1/../../../../arm-none-eabi/lib/thumb/v7-m/nofp\libg.a(lib_a-__atexit.o)
                              c:/progra~2/gnuarm~1/102021~1.10/bin/../lib/gcc/arm-none-eabi/10.3.1/../../../../arm-none-eabi/lib/thumb/v7-m/nofp\libg.a(lib_a-atexit.o) (__register_exitproc)

Discarded input sections

 .text          0x00000000        0x0 c:/progra~2/gnuarm~1/102021~1.10/bin/../lib/gcc/arm-none-eabi/10.3.1/thumb/v7-m/nofp/crti.o
 .data          0x00000000        0x0 c:/progra~2/gnuarm~1/102021~1.10/bin/../lib/gcc/arm-none-eabi/10.3.1/thumb/v7-m/nofp/crti.o
 .bss           0x00000000        0x0 c:/progra~2/gnuarm~1/102021~1.10/bin/../lib/gcc/arm-none-eabi/10.3.1/thumb/v7-m/nofp/crti.o
 .data          0x00000000        0x4 c:/progra~2/gnuarm~1/102021~1.10/bin/../lib/gcc/arm-none-eabi/10.3.1/thumb/v7-m/nofp/crtbegin.o
 .rodata        0x00000000       0x24 c:/progra~2/gnuarm~1/102021~1.10/bin/../lib/gcc/arm-none-eabi/10.3.1/thumb/v7-m/nofp/crtbegin.o
 .text          0x00000000       0x7c c:/progra~2/gnuarm~1/102021~1.10/bin/../lib/gcc/arm-none-eabi/10.3.1/../../../../arm-none-eabi/lib/thumb/v7-m/nofp/crt0.o
 .data          0x00000000        0x0 c:/progra~2/gnuarm~1/102021~1.10/bin/../lib/gcc/arm-none-eabi/10.3.1/../../../../arm-none-eabi/lib/thumb/v7-m/nofp/crt0.o
 .bss           0x00000000        0x0 c:/progra~2/gnuarm~1/102021~1.10/bin/../lib/gcc/arm-none-eabi/10.3.1/../../../../arm-none-eabi/lib/thumb/v7-m/nofp/crt0.o
 .ARM.extab     0x00000000        0x0 c:/progra~2/gnuarm~1/102021~1.10/bin/../lib/gcc/arm-none-eabi/10.3.1/../../../../arm-none-eabi/lib/thumb/v7-m/nofp/crt0.o
 .ARM.exidx     0x00000000       0x10 c:/progra~2/gnuarm~1/102021~1.10/bin/../lib/gcc/arm-none-eabi/10.3.1/../../../../arm-none-eabi/lib/thumb/v7-m/nofp/crt0.o
 .ARM.attributes
[...]
Memory Configuration

Name             Origin             Length             Attributes
RAM              0x20000000         0x0000c000         xrw
FLASH            0x08000000         0x00040000         xr
*default*        0x00000000         0xffffffff

Linker script and memory map

LOAD c:/progra~2/gnuarm~1/102021~1.10/bin/../lib/gcc/arm-none-eabi/10.3.1/thumb/v7-m/nofp/crti.o
LOAD c:/progra~2/gnuarm~1/102021~1.10/bin/../lib/gcc/arm-none-eabi/10.3.1/thumb/v7-m/nofp/crtbegin.o
LOAD c:/progra~2/gnuarm~1/102021~1.10/bin/../lib/gcc/arm-none-eabi/10.3.1/../../../../arm-none-eabi/lib/thumb/v7-m/nofp/crt0.o
LOAD CMakeFiles/test3.elf.dir/BSP/WS2812.c.obj
LOAD CMakeFiles/test3.elf.dir/ContrlSys/ctr.c.obj
LOAD CMakeFiles/test3.elf.dir/ContrlSys/vibra.c.obj
LOAD CMakeFiles/test3.elf.dir/Core/Src/dma.c.obj
LOAD CMakeFiles/test3.elf.dir/Core/Src/gpio.c.obj
LOAD CMakeFiles/test3.elf.dir/Core/Src/main.c.obj
LOAD CMakeFiles/test3.elf.dir/Core/Src/stm32f1xx_hal_msp.c.obj
LOAD CMakeFiles/test3.elf.dir/Core/Src/stm32f1xx_hal_timebase_tim.c.obj
LOAD CMakeFiles/test3.elf.dir/Core/Src/stm32f1xx_it.c.obj
LOAD CMakeFiles/test3.elf.dir/Core/Src/syscalls.c.obj
LOAD CMakeFiles/test3.elf.dir/Core/Src/system_stm32f1xx.c.obj
LOAD CMakeFiles/test3.elf.dir/Core/Src/tim.c.obj
LOAD CMakeFiles/test3.elf.dir/Drivers/STM32F1xx_HAL_Driver/Src/stm32f1xx_hal.c.obj
LOAD CMakeFiles/test3.elf.dir/Drivers/STM32F1xx_HAL_Driver/Src/stm32f1xx_hal_cortex.c.obj
LOAD CMakeFiles/test3.elf.dir/Drivers/STM32F1xx_HAL_Driver/Src/stm32f1xx_hal_dma.c.obj
LOAD CMakeFiles/test3.elf.dir/Drivers/STM32F1xx_HAL_Driver/Src/stm32f1xx_hal_exti.c.obj
LOAD CMakeFiles/test3.elf.dir/Drivers/STM32F1xx_HAL_Driver/Src/stm32f1xx_hal_flash.c.obj
LOAD CMakeFiles/test3.elf.dir/Drivers/STM32F1xx_HAL_Driver/Src/stm32f1xx_hal_flash_ex.c.obj
LOAD CMakeFiles/test3.elf.dir/Drivers/STM32F1xx_HAL_Driver/Src/stm32f1xx_hal_gpio.c.obj
LOAD CMakeFiles/test3.elf.dir/Drivers/STM32F1xx_HAL_Driver/Src/stm32f1xx_hal_gpio_ex.c.obj
LOAD CMakeFiles/test3.elf.dir/Drivers/STM32F1xx_HAL_Driver/Src/stm32f1xx_hal_pwr.c.obj
LOAD CMakeFiles/test3.elf.dir/Drivers/STM32F1xx_HAL_Driver/Src/stm32f1xx_hal_rcc.c.obj
LOAD CMakeFiles/test3.elf.dir/Drivers/STM32F1xx_HAL_Driver/Src/stm32f1xx_hal_rcc_ex.c.obj
LOAD CMakeFiles/test3.elf.dir/Drivers/STM32F1xx_HAL_Driver/Src/stm32f1xx_hal_tim.c.obj
LOAD CMakeFiles/test3.elf.dir/Drivers/STM32F1xx_HAL_Driver/Src/stm32f1xx_hal_tim_ex.c.obj
LOAD CMakeFiles/test3.elf.dir/startup/startup_stm32f103xe.s.obj
START GROUP
LOAD c:/progra~2/gnuarm~1/102021~1.10/bin/../lib/gcc/arm-none-eabi/10.3.1/thumb/v7-m/nofp\libgcc.a
LOAD c:/progra~2/gnuarm~1/102021~1.10/bin/../lib/gcc/arm-none-eabi/10.3.1/../../../../arm-none-eabi/lib/thumb/v7-m/nofp\libg.a
LOAD c:/progra~2/gnuarm~1/102021~1.10/bin/../lib/gcc/arm-none-eabi/10.3.1/../../../../arm-none-eabi/lib/thumb/v7-m/nofp\libc.a
END GROUP
LOAD c:/progra~2/gnuarm~1/102021~1.10/bin/../lib/gcc/arm-none-eabi/10.3.1/thumb/v7-m/nofp/crtend.o
LOAD c:/progra~2/gnuarm~1/102021~1.10/bin/../lib/gcc/arm-none-eabi/10.3.1/thumb/v7-m/nofp/crtn.o
                0x2000c000                _estack = 0x2000c000
                0x00000400                _Min_Heap_Size = 0x400
                0x00000500                _Min_Stack_Size = 0x500

.isr_vector     0x08000000      0x1e4
                0x08000000                . = ALIGN (0x4)
 *(.isr_vector)
 .isr_vector    0x08000000      0x1e4 CMakeFiles/test3.elf.dir/startup/startup_stm32f103xe.s.obj
                0x08000000                g_pfnVectors
                0x080001e4                . = ALIGN (0x4)

.text           0x080001e4     0x2d68
                0x080001e4                . = ALIGN (0x4)
 *(.text)
 .text          0x080001e4       0x40 c:/progra~2/gnuarm~1/102021~1.10/bin/../lib/gcc/arm-none-eabi/10.3.1/thumb/v7-m/nofp/crtbegin.o
 *(.text*)
 .text.HAL_TIM_PWM_PulseFinishedCallback
                0x08000224       0x9c CMakeFiles/test3.elf.dir/BSP/WS2812.c.obj
                0x08000224                HAL_TIM_PWM_PulseFinishedCallback
 .text.fan_list_init
                0x080002c0       0x60 CMakeFiles/test3.elf.dir/ContrlSys/ctr.c.obj
                0x080002c0                fan_list_init
 .text.fan_init
                0x08000320       0x3c CMakeFiles/test3.elf.dir/ContrlSys/ctr.c.obj
                0x08000320                fan_init
 .text.led_circle_Init
                0x0800035c       0x14 CMakeFiles/test3.elf.dir/ContrlSys/ctr.c.obj
                0x0800035c                led_circle_Init
 .text.boot_init
                0x08000370       0x1c CMakeFiles/test3.elf.dir/ContrlSys/ctr.c.obj
                0x08000370                boot_init
 .text.fan_logic
                0x0800038c      0x10c CMakeFiles/test3.elf.dir/ContrlSys/ctr.c.obj
                0x0800038c                fan_logic
 .text.close_all
                0x08000498       0x88 CMakeFiles/test3.elf.dir/ContrlSys/ctr.c.obj
                0x08000498                close_all
 .text.light_on
                0x08000520       0x24 CMakeFiles/test3.elf.dir/ContrlSys/ctr.c.obj
                0x08000520                light_on
 .text.light_flow
                0x08000544       0x88 CMakeFiles/test3.elf.dir/ContrlSys/ctr.c.obj
                0x08000544                light_flow
 .text.ctr_fan  0x080005cc       0xc4 CMakeFiles/test3.elf.dir/ContrlSys/ctr.c.obj
                0x080005cc                ctr_fan
 .text.Vibra_monitor
                0x08000690       0xac CMakeFiles/test3.elf.dir/ContrlSys/vibra.c.obj
                0x08000690                Vibra_monitor
 .text.MX_DMA_Init
                0x0800073c       0x94 CMakeFiles/test3.elf.dir/Core/Src/dma.c.obj
                0x0800073c                MX_DMA_Init
 .text.MX_GPIO_Init
                0x080007d0       0x8c CMakeFiles/test3.elf.dir/Core/Src/gpio.c.obj
                0x080007d0                MX_GPIO_Init
 .text.Error_Handler
                0x0800085c        0x4 CMakeFiles/test3.elf.dir/Core/Src/main.c.obj
                0x0800085c                Error_Handler
 .text.SystemClock_Config
                0x08000860       0x64 CMakeFiles/test3.elf.dir/Core/Src/main.c.obj
                0x08000860                SystemClock_Config
 .text.main     0x080008c4       0x40 CMakeFiles/test3.elf.dir/Core/Src/main.c.obj
                0x080008c4                main
 .text.HAL_MspInit
                0x08000904       0x44 CMakeFiles/test3.elf.dir/Core/Src/stm32f1xx_hal_msp.c.obj
                0x08000904                HAL_MspInit
 .text.HAL_InitTick
                0x08000948       0xa0 CMakeFiles/test3.elf.dir/Core/Src/stm32f1xx_hal_timebase_tim.c.obj
                0x08000948                HAL_InitTick
 .text.NMI_Handler
                0x080009e8        0x2 CMakeFiles/test3.elf.dir/Core/Src/stm32f1xx_it.c.obj
                0x080009e8                NMI_Handler
 .text.HardFault_Handler
                0x080009ea        0x2 CMakeFiles/test3.elf.dir/Core/Src/stm32f1xx_it.c.obj
                0x080009ea                HardFault_Handler
 .text.MemManage_Handler
                0x080009ec        0x2 CMakeFiles/test3.elf.dir/Core/Src/stm32f1xx_it.c.obj
                0x080009ec                MemManage_Handler
 .text.BusFault_Handler
                0x080009ee        0x2 CMakeFiles/test3.elf.dir/Core/Src/stm32f1xx_it.c.obj
                0x080009ee                BusFault_Handler
 .text.UsageFault_Handler
                0x080009f0        0x2 CMakeFiles/test3.elf.dir/Core/Src/stm32f1xx_it.c.obj
                0x080009f0                UsageFault_Handler
 .text.SVC_Handler
                0x080009f2        0x2 CMakeFiles/test3.elf.dir/Core/Src/stm32f1xx_it.c.obj
                0x080009f2                SVC_Handler
 .text.DebugMon_Handler
                0x080009f4        0x2 CMakeFiles/test3.elf.dir/Core/Src/stm32f1xx_it.c.obj
                0x080009f4                DebugMon_Handler
 .text.PendSV_Handler
                0x080009f6        0x2 CMakeFiles/test3.elf.dir/Core/Src/stm32f1xx_it.c.obj
                0x080009f6                PendSV_Handler
 .text.SysTick_Handler
                0x080009f8        0x8 CMakeFiles/test3.elf.dir/Core/Src/stm32f1xx_it.c.obj
                0x080009f8                SysTick_Handler
 .text.DMA1_Channel1_IRQHandler
                0x08000a00       0x10 CMakeFiles/test3.elf.dir/Core/Src/stm32f1xx_it.c.obj
                0x08000a00                DMA1_Channel1_IRQHandler
 .text.DMA1_Channel2_IRQHandler
                0x08000a10       0x10 CMakeFiles/test3.elf.dir/Core/Src/stm32f1xx_it.c.obj
                0x08000a10                DMA1_Channel2_IRQHandler
 .text.DMA1_Channel3_IRQHandler
                0x08000a20       0x10 CMakeFiles/test3.elf.dir/Core/Src/stm32f1xx_it.c.obj
                0x08000a20                DMA1_Channel3_IRQHandler
 .text.DMA1_Channel5_IRQHandler
                0x08000a30       0x10 CMakeFiles/test3.elf.dir/Core/Src/stm32f1xx_it.c.obj
                0x08000a30                DMA1_Channel5_IRQHandler
 .text.DMA2_Channel1_IRQHandler
                0x08000a40       0x10 CMakeFiles/test3.elf.dir/Core/Src/stm32f1xx_it.c.obj
                0x08000a40                DMA2_Channel1_IRQHandler
 .text.DMA2_Channel4_5_IRQHandler
                0x08000a50       0x10 CMakeFiles/test3.elf.dir/Core/Src/stm32f1xx_it.c.obj
                0x08000a50                DMA2_Channel4_5_IRQHandler
 .text.SystemInit
                0x08000a60        0x2 CMakeFiles/test3.elf.dir/Core/Src/system_stm32f1xx.c.obj
                0x08000a60                SystemInit
 *fill*         0x08000a62        0x2 
 .text.HAL_TIM_Base_MspInit
                0x08000a64      0x244 CMakeFiles/test3.elf.dir/Core/Src/tim.c.obj
                0x08000a64                HAL_TIM_Base_MspInit
 .text.HAL_TIM_MspPostInit
                0x08000ca8      0x16c CMakeFiles/test3.elf.dir/Core/Src/tim.c.obj
                0x08000ca8                HAL_TIM_MspPostInit
 .text.MX_TIM1_Init
                0x08000e14       0xe4 CMakeFiles/test3.elf.dir/Core/Src/tim.c.obj
                0x08000e14                MX_TIM1_Init
 .text.MX_TIM2_Init
                0x08000ef8       0xa8 CMakeFiles/test3.elf.dir/Core/Src/tim.c.obj
                0x08000ef8                MX_TIM2_Init
 .text.MX_TIM3_Init
                0x08000fa0       0xac CMakeFiles/test3.elf.dir/Core/Src/tim.c.obj
                0x08000fa0                MX_TIM3_Init
 .text.MX_TIM4_Init
                0x0800104c       0xa8 CMakeFiles/test3.elf.dir/Core/Src/tim.c.obj
                0x0800104c                MX_TIM4_Init
 .text.MX_TIM5_Init
                0x080010f4       0xa8 CMakeFiles/test3.elf.dir/Core/Src/tim.c.obj
                0x080010f4                MX_TIM5_Init
 .text.MX_TIM8_Init
                0x0800119c       0xe4 CMakeFiles/test3.elf.dir/Core/Src/tim.c.obj
                0x0800119c                MX_TIM8_Init
 .text.HAL_Init
                0x08001280       0x24 CMakeFiles/test3.elf.dir/Drivers/STM32F1xx_HAL_Driver/Src/stm32f1xx_hal.c.obj
                0x08001280                HAL_Init
 .text.HAL_IncTick
                0x080012a4       0x18 CMakeFiles/test3.elf.dir/Drivers/STM32F1xx_HAL_Driver/Src/stm32f1xx_hal.c.obj
                0x080012a4                HAL_IncTick
 .text.HAL_GetTick
                0x080012bc        0xc CMakeFiles/test3.elf.dir/Drivers/STM32F1xx_HAL_Driver/Src/stm32f1xx_hal.c.obj
                0x080012bc                HAL_GetTick
 .text.HAL_Delay
                0x080012c8       0x28 CMakeFiles/test3.elf.dir/Drivers/STM32F1xx_HAL_Driver/Src/stm32f1xx_hal.c.obj
                0x080012c8                HAL_Delay
 .text.HAL_NVIC_SetPriorityGrouping
                0x080012f0       0x24 CMakeFiles/test3.elf.dir/Drivers/STM32F1xx_HAL_Driver/Src/stm32f1xx_hal_cortex.c.obj
                0x080012f0                HAL_NVIC_SetPriorityGrouping
 .text.HAL_NVIC_SetPriority
                0x08001314       0x70 CMakeFiles/test3.elf.dir/Drivers/STM32F1xx_HAL_Driver/Src/stm32f1xx_hal_cortex.c.obj
                0x08001314                HAL_NVIC_SetPriority
 .text.HAL_NVIC_EnableIRQ
                0x08001384       0x1c CMakeFiles/test3.elf.dir/Drivers/STM32F1xx_HAL_Driver/Src/stm32f1xx_hal_cortex.c.obj
                0x08001384                HAL_NVIC_EnableIRQ
 .text.HAL_NVIC_SystemReset
                0x080013a0       0x24 CMakeFiles/test3.elf.dir/Drivers/STM32F1xx_HAL_Driver/Src/stm32f1xx_hal_cortex.c.obj
                0x080013a0                HAL_NVIC_SystemReset
 .text.DMA_SetConfig
                0x080013c4       0x2c CMakeFiles/test3.elf.dir/Drivers/STM32F1xx_HAL_Driver/Src/stm32f1xx_hal_dma.c.obj
 .text.HAL_DMA_Init
                0x080013f0       0x98 CMakeFiles/test3.elf.dir/Drivers/STM32F1xx_HAL_Driver/Src/stm32f1xx_hal_dma.c.obj
                0x080013f0                HAL_DMA_Init
 .text.HAL_DMA_Start_IT
                0x08001488       0x74 CMakeFiles/test3.elf.dir/Drivers/STM32F1xx_HAL_Driver/Src/stm32f1xx_hal_dma.c.obj
                0x08001488                HAL_DMA_Start_IT
 .text.HAL_DMA_Abort_IT
                0x080014fc      0x168 CMakeFiles/test3.elf.dir/Drivers/STM32F1xx_HAL_Driver/Src/stm32f1xx_hal_dma.c.obj
                0x080014fc                HAL_DMA_Abort_IT
 .text.HAL_DMA_IRQHandler
                0x08001664      0x2ec CMakeFiles/test3.elf.dir/Drivers/STM32F1xx_HAL_Driver/Src/stm32f1xx_hal_dma.c.obj
                0x08001664                HAL_DMA_IRQHandler
 .text.HAL_GPIO_Init
                0x08001950      0x240 CMakeFiles/test3.elf.dir/Drivers/STM32F1xx_HAL_Driver/Src/stm32f1xx_hal_gpio.c.obj
                0x08001950                HAL_GPIO_Init
 .text.HAL_GPIO_ReadPin
                0x08001b90        0xe CMakeFiles/test3.elf.dir/Drivers/STM32F1xx_HAL_Driver/Src/stm32f1xx_hal_gpio.c.obj
                0x08001b90                HAL_GPIO_ReadPin
 *fill*         0x08001b9e        0x2 
 .text.RCC_Delay
                0x08001ba0       0x2c CMakeFiles/test3.elf.dir/Drivers/STM32F1xx_HAL_Driver/Src/stm32f1xx_hal_rcc.c.obj
 .text.HAL_RCC_OscConfig
                0x08001bcc      0x410 CMakeFiles/test3.elf.dir/Drivers/STM32F1xx_HAL_Driver/Src/stm32f1xx_hal_rcc.c.obj
                0x08001bcc                HAL_RCC_OscConfig
 .text.HAL_RCC_GetSysClockFreq
                0x08001fdc       0x70 CMakeFiles/test3.elf.dir/Drivers/STM32F1xx_HAL_Driver/Src/stm32f1xx_hal_rcc.c.obj
                0x08001fdc                HAL_RCC_GetSysClockFreq
 .text.HAL_RCC_ClockConfig
                0x0800204c      0x16c CMakeFiles/test3.elf.dir/Drivers/STM32F1xx_HAL_Driver/Src/stm32f1xx_hal_rcc.c.obj
                0x0800204c                HAL_RCC_ClockConfig
 .text.HAL_RCC_GetHCLKFreq
                0x080021b8        0xc CMakeFiles/test3.elf.dir/Drivers/STM32F1xx_HAL_Driver/Src/stm32f1xx_hal_rcc.c.obj
                0x080021b8                HAL_RCC_GetHCLKFreq
 .text.HAL_RCC_GetPCLK1Freq
                0x080021c4       0x20 CMakeFiles/test3.elf.dir/Drivers/STM32F1xx_HAL_Driver/Src/stm32f1xx_hal_rcc.c.obj
                0x080021c4                HAL_RCC_GetPCLK1Freq
 .text.HAL_RCC_GetClockConfig
                0x080021e4       0x3c CMakeFiles/test3.elf.dir/Drivers/STM32F1xx_HAL_Driver/Src/stm32f1xx_hal_rcc.c.obj
                0x080021e4                HAL_RCC_GetClockConfig
 .text.TIM_OC1_SetConfig
                0x08002220       0x68 CMakeFiles/test3.elf.dir/Drivers/STM32F1xx_HAL_Driver/Src/stm32f1xx_hal_tim.c.obj
 .text.TIM_OC3_SetConfig
                0x08002288       0x70 CMakeFiles/test3.elf.dir/Drivers/STM32F1xx_HAL_Driver/Src/stm32f1xx_hal_tim.c.obj
 .text.TIM_OC4_SetConfig
                0x080022f8       0x50 CMakeFiles/test3.elf.dir/Drivers/STM32F1xx_HAL_Driver/Src/stm32f1xx_hal_tim.c.obj
 .text.TIM_TI1_ConfigInputStage
                0x08002348       0x24 CMakeFiles/test3.elf.dir/Drivers/STM32F1xx_HAL_Driver/Src/stm32f1xx_hal_tim.c.obj
 .text.TIM_TI2_ConfigInputStage
                0x0800236c       0x26 CMakeFiles/test3.elf.dir/Drivers/STM32F1xx_HAL_Driver/Src/stm32f1xx_hal_tim.c.obj
 .text.TIM_ITRx_SetConfig
                0x08002392       0x10 CMakeFiles/test3.elf.dir/Drivers/STM32F1xx_HAL_Driver/Src/stm32f1xx_hal_tim.c.obj
 *fill*         0x080023a2        0x2 
 .text.HAL_TIM_Base_Start_IT
                0x080023a4       0x78 CMakeFiles/test3.elf.dir/Drivers/STM32F1xx_HAL_Driver/Src/stm32f1xx_hal_tim.c.obj
                0x080023a4                HAL_TIM_Base_Start_IT
 .text.HAL_TIM_PWM_MspInit
                0x0800241c        0x2 CMakeFiles/test3.elf.dir/Drivers/STM32F1xx_HAL_Driver/Src/stm32f1xx_hal_tim.c.obj
                0x0800241c                HAL_TIM_PWM_MspInit
 .text.TIM_DMADelayPulseCplt
                0x0800241e       0x70 CMakeFiles/test3.elf.dir/Drivers/STM32F1xx_HAL_Driver/Src/stm32f1xx_hal_tim.c.obj
 .text.HAL_TIM_PWM_PulseFinishedHalfCpltCallback
                0x0800248e        0x2 CMakeFiles/test3.elf.dir/Drivers/STM32F1xx_HAL_Driver/Src/stm32f1xx_hal_tim.c.obj
                0x0800248e                HAL_TIM_PWM_PulseFinishedHalfCpltCallback
 .text.TIM_DMADelayPulseHalfCplt
                0x08002490       0x3e CMakeFiles/test3.elf.dir/Drivers/STM32F1xx_HAL_Driver/Src/stm32f1xx_hal_tim.c.obj
                0x08002490                TIM_DMADelayPulseHalfCplt
 .text.HAL_TIM_ErrorCallback
                0x080024ce        0x2 CMakeFiles/test3.elf.dir/Drivers/STM32F1xx_HAL_Driver/Src/stm32f1xx_hal_tim.c.obj
                0x080024ce                HAL_TIM_ErrorCallback
 .text.TIM_DMAError
                0x080024d0       0x5c CMakeFiles/test3.elf.dir/Drivers/STM32F1xx_HAL_Driver/Src/stm32f1xx_hal_tim.c.obj
                0x080024d0                TIM_DMAError
 .text.TIM_Base_SetConfig
                0x0800252c       0x98 CMakeFiles/test3.elf.dir/Drivers/STM32F1xx_HAL_Driver/Src/stm32f1xx_hal_tim.c.obj
                0x0800252c                TIM_Base_SetConfig
 .text.HAL_TIM_Base_Init
                0x080025c4       0x58 CMakeFiles/test3.elf.dir/Drivers/STM32F1xx_HAL_Driver/Src/stm32f1xx_hal_tim.c.obj
                0x080025c4                HAL_TIM_Base_Init
 .text.HAL_TIM_PWM_Init
                0x0800261c       0x58 CMakeFiles/test3.elf.dir/Drivers/STM32F1xx_HAL_Driver/Src/stm32f1xx_hal_tim.c.obj
                0x0800261c                HAL_TIM_PWM_Init
 .text.TIM_OC2_SetConfig
                0x08002674       0x70 CMakeFiles/test3.elf.dir/Drivers/STM32F1xx_HAL_Driver/Src/stm32f1xx_hal_tim.c.obj
                0x08002674                TIM_OC2_SetConfig
 .text.HAL_TIM_PWM_ConfigChannel
                0x080026e4       0xd0 CMakeFiles/test3.elf.dir/Drivers/STM32F1xx_HAL_Driver/Src/stm32f1xx_hal_tim.c.obj
                0x080026e4                HAL_TIM_PWM_ConfigChannel
 .text.TIM_ETR_SetConfig
                0x080027b4       0x18 CMakeFiles/test3.elf.dir/Drivers/STM32F1xx_HAL_Driver/Src/stm32f1xx_hal_tim.c.obj
                0x080027b4                TIM_ETR_SetConfig
 .text.HAL_TIM_ConfigClockSource
                0x080027cc       0xda CMakeFiles/test3.elf.dir/Drivers/STM32F1xx_HAL_Driver/Src/stm32f1xx_hal_tim.c.obj
                0x080027cc                HAL_TIM_ConfigClockSource
 .text.TIM_CCxChannelCmd
                0x080028a6       0x1e CMakeFiles/test3.elf.dir/Drivers/STM32F1xx_HAL_Driver/Src/stm32f1xx_hal_tim.c.obj
                0x080028a6                TIM_CCxChannelCmd
 .text.HAL_TIM_PWM_Start_DMA
                0x080028c4      0x254 CMakeFiles/test3.elf.dir/Drivers/STM32F1xx_HAL_Driver/Src/stm32f1xx_hal_tim.c.obj
                0x080028c4                HAL_TIM_PWM_Start_DMA
 .text.HAL_TIM_PWM_Stop_DMA
                0x08002b18       0xec CMakeFiles/test3.elf.dir/Drivers/STM32F1xx_HAL_Driver/Src/stm32f1xx_hal_tim.c.obj
                0x08002b18                HAL_TIM_PWM_Stop_DMA
 .text.HAL_TIMEx_MasterConfigSynchronization
                0x08002c04       0x7c CMakeFiles/test3.elf.dir/Drivers/STM32F1xx_HAL_Driver/Src/stm32f1xx_hal_tim_ex.c.obj
                0x08002c04                HAL_TIMEx_MasterConfigSynchronization
 .text.HAL_TIMEx_ConfigBreakDeadTime
                0x08002c80       0x52 CMakeFiles/test3.elf.dir/Drivers/STM32F1xx_HAL_Driver/Src/stm32f1xx_hal_tim_ex.c.obj
                0x08002c80                HAL_TIMEx_ConfigBreakDeadTime
 *fill*         0x08002cd2        0x2 
 .text.Reset_Handler
                0x08002cd4       0x48 CMakeFiles/test3.elf.dir/startup/startup_stm32f103xe.s.obj
                0x08002cd4                Reset_Handler
 .text.Default_Handler
                0x08002d1c        0x2 CMakeFiles/test3.elf.dir/startup/startup_stm32f103xe.s.obj
                0x08002d1c                RTC_Alarm_IRQHandler
                0x08002d1c                EXTI2_IRQHandler
                0x08002d1c                TIM8_TRG_COM_IRQHandler
                0x08002d1c                TIM8_CC_IRQHandler
                0x08002d1c                TIM1_CC_IRQHandler
                0x08002d1c                TIM6_IRQHandler
                0x08002d1c                PVD_IRQHandler
                0x08002d1c                SDIO_IRQHandler
                0x08002d1c                EXTI3_IRQHandler
                0x08002d1c                EXTI0_IRQHandler
                0x08002d1c                I2C2_EV_IRQHandler
                0x08002d1c                ADC1_2_IRQHandler
                0x08002d1c                SPI1_IRQHandler
                0x08002d1c                TAMPER_IRQHandler
                0x08002d1c                TIM8_UP_IRQHandler
                0x08002d1c                DMA2_Channel2_IRQHandler
                0x08002d1c                DMA1_Channel4_IRQHandler
                0x08002d1c                USART3_IRQHandler
                0x08002d1c                RTC_IRQHandler
                0x08002d1c                DMA1_Channel7_IRQHandler
                0x08002d1c                CAN1_RX1_IRQHandler
                0x08002d1c                UART5_IRQHandler
                0x08002d1c                ADC3_IRQHandler
                0x08002d1c                TIM4_IRQHandler
                0x08002d1c                I2C1_EV_IRQHandler
                0x08002d1c                DMA1_Channel6_IRQHandler
                0x08002d1c                UART4_IRQHandler
                0x08002d1c                TIM3_IRQHandler
                0x08002d1c                RCC_IRQHandler
                0x08002d1c                TIM1_TRG_COM_IRQHandler
                0x08002d1c                Default_Handler
                0x08002d1c                EXTI15_10_IRQHandler
                0x08002d1c                TIM7_IRQHandler
                0x08002d1c                TIM5_IRQHandler
                0x08002d1c                EXTI9_5_IRQHandler
                0x08002d1c                SPI2_IRQHandler
                0x08002d1c                EXTI4_IRQHandler
                0x08002d1c                USB_LP_CAN1_RX0_IRQHandler
                0x08002d1c                USB_HP_CAN1_TX_IRQHandler
                0x08002d1c                FSMC_IRQHandler
                0x08002d1c                TIM1_UP_IRQHandler
                0x08002d1c                WWDG_IRQHandler
                0x08002d1c                TIM2_IRQHandler
                0x08002d1c                TIM1_BRK_IRQHandler
                0x08002d1c                EXTI1_IRQHandler
                0x08002d1c                USART2_IRQHandler
                0x08002d1c                I2C2_ER_IRQHandler
                0x08002d1c                TIM8_BRK_IRQHandler
                0x08002d1c                CAN1_SCE_IRQHandler
                0x08002d1c                FLASH_IRQHandler
                0x08002d1c                USART1_IRQHandler
                0x08002d1c                SPI3_IRQHandler
                0x08002d1c                I2C1_ER_IRQHandler
                0x08002d1c                USBWakeUp_IRQHandler
                0x08002d1c                DMA2_Channel3_IRQHandler
 *fill*         0x08002d1e        0x2 
 .text.__libc_init_array
                0x08002d20       0x48 c:/progra~2/gnuarm~1/102021~1.10/bin/../lib/gcc/arm-none-eabi/10.3.1/../../../../arm-none-eabi/lib/thumb/v7-m/nofp\libg.a(lib_a-init.o)
                0x08002d20                __libc_init_array
 .text.memset   0x08002d68       0xa4 c:/progra~2/gnuarm~1/102021~1.10/bin/../lib/gcc/arm-none-eabi/10.3.1/../../../../arm-none-eabi/lib/thumb/v7-m/nofp\libg.a(lib_a-memset.o)
                0x08002d68                memset
 .text.srand    0x08002e0c       0x10 c:/progra~2/gnuarm~1/102021~1.10/bin/../lib/gcc/arm-none-eabi/10.3.1/../../../../arm-none-eabi/lib/thumb/v7-m/nofp\libg.a(lib_a-rand.o)
                0x08002e0c                srand
 .text.rand     0x08002e1c       0x38 c:/progra~2/gnuarm~1/102021~1.10/bin/../lib/gcc/arm-none-eabi/10.3.1/../../../../arm-none-eabi/lib/thumb/v7-m/nofp\libg.a(lib_a-rand.o)
                0x08002e1c                rand
 .text.startup.register_fini
                0x08002e54       0x14 c:/progra~2/gnuarm~1/102021~1.10/bin/../lib/gcc/arm-none-eabi/10.3.1/../../../../arm-none-eabi/lib/thumb/v7-m/nofp\libg.a(lib_a-__call_atexit.o)
 .text.atexit   0x08002e68        0xc c:/progra~2/gnuarm~1/102021~1.10/bin/../lib/gcc/arm-none-eabi/10.3.1/../../../../arm-none-eabi/lib/thumb/v7-m/nofp\libg.a(lib_a-atexit.o)
                0x08002e68                atexit
 .text.__libc_fini_array
                0x08002e74       0x2c c:/progra~2/gnuarm~1/102021~1.10/bin/../lib/gcc/arm-none-eabi/10.3.1/../../../../arm-none-eabi/lib/thumb/v7-m/nofp\libg.a(lib_a-fini.o)
                0x08002e74                __libc_fini_array
 .text.__retarget_lock_acquire_recursive
                0x08002ea0        0x4 c:/progra~2/gnuarm~1/102021~1.10/bin/../lib/gcc/arm-none-eabi/10.3.1/../../../../arm-none-eabi/lib/thumb/v7-m/nofp\libg.a(lib_a-lock.o)
                0x08002ea0                __retarget_lock_acquire_recursive
 .text.__retarget_lock_release_recursive
                0x08002ea4        0x4 c:/progra~2/gnuarm~1/102021~1.10/bin/../lib/gcc/arm-none-eabi/10.3.1/../../../../arm-none-eabi/lib/thumb/v7-m/nofp\libg.a(lib_a-lock.o)
                0x08002ea4                __retarget_lock_release_recursive
 .text.__register_exitproc
                0x08002ea8       0x8c c:/progra~2/gnuarm~1/102021~1.10/bin/../lib/gcc/arm-none-eabi/10.3.1/../../../../arm-none-eabi/lib/thumb/v7-m/nofp\libg.a(lib_a-__atexit.o)
                0x08002ea8                __register_exitproc
 *(.glue_7)
 .glue_7        0x08002f34        0x0 linker stubs
 *(.glue_7t)
 .glue_7t       0x08002f34        0x0 linker stubs
 *(.eh_frame)
 .eh_frame      0x08002f34        0x0 c:/progra~2/gnuarm~1/102021~1.10/bin/../lib/gcc/arm-none-eabi/10.3.1/thumb/v7-m/nofp/crtbegin.o
 *(.init)
 .init          0x08002f34        0x4 c:/progra~2/gnuarm~1/102021~1.10/bin/../lib/gcc/arm-none-eabi/10.3.1/thumb/v7-m/nofp/crti.o
                0x08002f34                _init
 .init          0x08002f38        0x8 c:/progra~2/gnuarm~1/102021~1.10/bin/../lib/gcc/arm-none-eabi/10.3.1/thumb/v7-m/nofp/crtn.o
 *(.fini)
 .fini          0x08002f40        0x4 c:/progra~2/gnuarm~1/102021~1.10/bin/../lib/gcc/arm-none-eabi/10.3.1/thumb/v7-m/nofp/crti.o
                0x08002f40                _fini
 .fini          0x08002f44        0x8 c:/progra~2/gnuarm~1/102021~1.10/bin/../lib/gcc/arm-none-eabi/10.3.1/thumb/v7-m/nofp/crtn.o
                0x08002f4c                . = ALIGN (0x4)
                0x08002f4c                _etext = .

.vfp11_veneer   0x08002f4c        0x0
 .vfp11_veneer  0x08002f4c        0x0 linker stubs

.v4_bx          0x08002f4c        0x0
 .v4_bx         0x08002f4c        0x0 linker stubs

.iplt           0x08002f4c        0x0
 .iplt          0x08002f4c        0x0 c:/progra~2/gnuarm~1/102021~1.10/bin/../lib/gcc/arm-none-eabi/10.3.1/thumb/v7-m/nofp/crtbegin.o

.rodata         0x08002f4c       0x50
                0x08002f4c                . = ALIGN (0x4)
 *(.rodata)
 .rodata        0x08002f4c       0x1d CMakeFiles/test3.elf.dir/ContrlSys/ctr.c.obj
 *(.rodata*)
 *fill*         0x08002f69        0x3 
 .rodata.AHBPrescTable
                0x08002f6c       0x10 CMakeFiles/test3.elf.dir/Core/Src/system_stm32f1xx.c.obj
                0x08002f6c                AHBPrescTable
 .rodata.APBPrescTable
                0x08002f7c        0x8 CMakeFiles/test3.elf.dir/Core/Src/system_stm32f1xx.c.obj
                0x08002f7c                APBPrescTable
 .rodata.HAL_RCC_GetSysClockFreq.str1.4
                0x08002f84       0x11 CMakeFiles/test3.elf.dir/Drivers/STM32F1xx_HAL_Driver/Src/stm32f1xx_hal_rcc.c.obj
 *fill*         0x08002f95        0x3 
 .rodata._global_impure_ptr
                0x08002f98        0x4 c:/progra~2/gnuarm~1/102021~1.10/bin/../lib/gcc/arm-none-eabi/10.3.1/../../../../arm-none-eabi/lib/thumb/v7-m/nofp\libg.a(lib_a-impure.o)
                0x08002f98                _global_impure_ptr
                0x08002f9c                . = ALIGN (0x4)

.rel.dyn        0x08002f9c        0x0
 .rel.iplt      0x08002f9c        0x0 c:/progra~2/gnuarm~1/102021~1.10/bin/../lib/gcc/arm-none-eabi/10.3.1/thumb/v7-m/nofp/crtbegin.o

.ARM.extab
 *(.ARM.extab* .gnu.linkonce.armextab.*)

.ARM            0x08002f9c        0x0
                0x08002f9c                __exidx_start = .
 *(.ARM.exidx*)
                0x08002f9c                __exidx_end = .

.preinit_array  0x08002f9c        0x0
                0x08002f9c                PROVIDE (__preinit_array_start = .)
 *(.preinit_array*)
                0x08002f9c                PROVIDE (__preinit_array_end = .)

.init_array     0x08002f9c        0x8
                0x08002f9c                PROVIDE (__init_array_start = .)
 *(SORT_BY_NAME(.init_array.*))
 .init_array.00000
                0x08002f9c        0x4 c:/progra~2/gnuarm~1/102021~1.10/bin/../lib/gcc/arm-none-eabi/10.3.1/../../../../arm-none-eabi/lib/thumb/v7-m/nofp\libg.a(lib_a-__call_atexit.o)
 *(.init_array*)
 .init_array    0x08002fa0        0x4 c:/progra~2/gnuarm~1/102021~1.10/bin/../lib/gcc/arm-none-eabi/10.3.1/thumb/v7-m/nofp/crtbegin.o
                0x08002fa4                PROVIDE (__init_array_end = .)

.fini_array     0x08002fa4        0x4
                0x08002fa4                PROVIDE (__fini_array_start = .)
 *(SORT_BY_NAME(.fini_array.*))
 *(.fini_array*)
 .fini_array    0x08002fa4        0x4 c:/progra~2/gnuarm~1/102021~1.10/bin/../lib/gcc/arm-none-eabi/10.3.1/thumb/v7-m/nofp/crtbegin.o
                0x08002fa8                PROVIDE (__fini_array_end = .)
                0x08002fa8                _sidata = LOADADDR (.data)

.data           0x20000000      0x45c load address 0x08002fa8
                0x20000000                . = ALIGN (0x4)
                0x20000000                _sdata = .
 *(.data)
 *(.data*)
 .data.ESfanChannelList
                0x20000000        0x5 CMakeFiles/test3.elf.dir/ContrlSys/ctr.c.obj
                0x20000000                ESfanChannelList
 *fill*         0x20000005        0x3 
 .data.ESfanTimList
                0x20000008       0x14 CMakeFiles/test3.elf.dir/ContrlSys/ctr.c.obj
                0x20000008                ESfanTimList
 .data.SystemCoreClock
                0x2000001c        0x4 CMakeFiles/test3.elf.dir/Core/Src/system_stm32f1xx.c.obj
                0x2000001c                SystemCoreClock
 .data.uwTickFreq
                0x20000020        0x1 CMakeFiles/test3.elf.dir/Drivers/STM32F1xx_HAL_Driver/Src/stm32f1xx_hal.c.obj
                0x20000020                uwTickFreq
 *fill*         0x20000021        0x3 
 .data.uwTickPrio
                0x20000024        0x4 CMakeFiles/test3.elf.dir/Drivers/STM32F1xx_HAL_Driver/Src/stm32f1xx_hal.c.obj
                0x20000024                uwTickPrio
 .data._impure_ptr
                0x20000028        0x4 c:/progra~2/gnuarm~1/102021~1.10/bin/../lib/gcc/arm-none-eabi/10.3.1/../../../../arm-none-eabi/lib/thumb/v7-m/nofp\libg.a(lib_a-impure.o)
                0x20000028                _impure_ptr
 *fill*         0x2000002c        0x4 
 .data.impure_data
                0x20000030      0x428 c:/progra~2/gnuarm~1/102021~1.10/bin/../lib/gcc/arm-none-eabi/10.3.1/../../../../arm-none-eabi/lib/thumb/v7-m/nofp\libg.a(lib_a-impure.o)
 .data.__atexit_recursive_mutex
                0x20000458        0x4 c:/progra~2/gnuarm~1/102021~1.10/bin/../lib/gcc/arm-none-eabi/10.3.1/../../../../arm-none-eabi/lib/thumb/v7-m/nofp\libg.a(lib_a-__call_atexit.o)
                0x20000458                __atexit_recursive_mutex
                0x2000045c                . = ALIGN (0x4)
                0x2000045c                _edata = .

.igot.plt       0x2000045c        0x0 load address 0x08003404
 .igot.plt      0x2000045c        0x0 c:/progra~2/gnuarm~1/102021~1.10/bin/../lib/gcc/arm-none-eabi/10.3.1/thumb/v7-m/nofp/crtbegin.o
                0x2000045c                . = ALIGN (0x4)

.bss            0x2000045c     0xa0d4 load address 0x08003404
                0x2000045c                _sbss = .
                0x2000045c                __bss_start__ = _sbss
 *(.bss)
 .bss           0x2000045c       0x1c c:/progra~2/gnuarm~1/102021~1.10/bin/../lib/gcc/arm-none-eabi/10.3.1/thumb/v7-m/nofp/crtbegin.o
 *(.bss*)
 .bss.WS2812B_Bit
                0x20000478     0x9664 CMakeFiles/test3.elf.dir/BSP/WS2812.c.obj
                0x20000478                WS2812B_Bit
 .bss.WS2812B_Buf
                0x20009adc      0x644 CMakeFiles/test3.elf.dir/BSP/WS2812.c.obj
                0x20009adc                WS2812B_Buf
 .bss.ES        0x2000a120       0x60 CMakeFiles/test3.elf.dir/ContrlSys/ctr.c.obj
                0x2000a120                ES
 .bss.flag_flow
                0x2000a180        0x4 CMakeFiles/test3.elf.dir/ContrlSys/ctr.c.obj
                0x2000a180                flag_flow
 .bss.vibra_flag
                0x2000a184       0x14 CMakeFiles/test3.elf.dir/ContrlSys/vibra.c.obj
                0x2000a184                vibra_flag
 .bss.htim6     0x2000a198       0x48 CMakeFiles/test3.elf.dir/Core/Src/stm32f1xx_hal_timebase_tim.c.obj
                0x2000a198                htim6
 .bss.hdma_tim1_ch1
                0x2000a1e0       0x44 CMakeFiles/test3.elf.dir/Core/Src/tim.c.obj
                0x2000a1e0                hdma_tim1_ch1
 .bss.hdma_tim2_ch1
                0x2000a224       0x44 CMakeFiles/test3.elf.dir/Core/Src/tim.c.obj
                0x2000a224                hdma_tim2_ch1
 .bss.hdma_tim3_ch4_up
                0x2000a268       0x44 CMakeFiles/test3.elf.dir/Core/Src/tim.c.obj
                0x2000a268                hdma_tim3_ch4_up
 .bss.hdma_tim4_ch1
                0x2000a2ac       0x44 CMakeFiles/test3.elf.dir/Core/Src/tim.c.obj
                0x2000a2ac                hdma_tim4_ch1
 .bss.hdma_tim5_ch1
                0x2000a2f0       0x44 CMakeFiles/test3.elf.dir/Core/Src/tim.c.obj
                0x2000a2f0                hdma_tim5_ch1
 .bss.hdma_tim8_ch3_up
                0x2000a334       0x44 CMakeFiles/test3.elf.dir/Core/Src/tim.c.obj
                0x2000a334                hdma_tim8_ch3_up
 .bss.htim1     0x2000a378       0x48 CMakeFiles/test3.elf.dir/Core/Src/tim.c.obj
                0x2000a378                htim1
 .bss.htim2     0x2000a3c0       0x48 CMakeFiles/test3.elf.dir/Core/Src/tim.c.obj
                0x2000a3c0                htim2
 .bss.htim3     0x2000a408       0x48 CMakeFiles/test3.elf.dir/Core/Src/tim.c.obj
                0x2000a408                htim3
 .bss.htim4     0x2000a450       0x48 CMakeFiles/test3.elf.dir/Core/Src/tim.c.obj
                0x2000a450                htim4
 .bss.htim5     0x2000a498       0x48 CMakeFiles/test3.elf.dir/Core/Src/tim.c.obj
                0x2000a498                htim5
 .bss.htim8     0x2000a4e0       0x48 CMakeFiles/test3.elf.dir/Core/Src/tim.c.obj
                0x2000a4e0                htim8
 .bss.uwTick    0x2000a528        0x4 CMakeFiles/test3.elf.dir/Drivers/STM32F1xx_HAL_Driver/Src/stm32f1xx_hal.c.obj
                0x2000a528                uwTick
 .bss.__lock___atexit_recursive_mutex
                0x2000a52c        0x1 c:/progra~2/gnuarm~1/102021~1.10/bin/../lib/gcc/arm-none-eabi/10.3.1/../../../../arm-none-eabi/lib/thumb/v7-m/nofp\libg.a(lib_a-lock.o)
                0x2000a52c                __lock___atexit_recursive_mutex
 *(COMMON)
                0x2000a530                . = ALIGN (0x4)
 *fill*         0x2000a52d        0x3 
                0x2000a530                _ebss = .
                0x2000a530                __bss_end__ = _ebss

._user_heap_stack
                0x2000a530      0x900 load address 0x08003404
                0x2000a530                . = ALIGN (0x8)
                0x2000a530                PROVIDE (end = .)
                [!provide]                PROVIDE (_end = .)
                0x2000a930                . = (. + _Min_Heap_Size)
 *fill*         0x2000a530      0x400 
                0x2000ae30                . = (. + _Min_Stack_Size)
 *fill*         0x2000a930      0x500 
                0x2000ae30                . = ALIGN (0x8)

/DISCARD/
 libc.a(*)
 libm.a(*)
 libgcc.a(*)

.ARM.attributes
                0x00000000       0x29
 *(.ARM.attributes)
 .ARM.attributes
                0x00000000       0x1d c:/progra~2/gnuarm~1/102021~1.10/bin/../lib/gcc/arm-none-eabi/10.3.1/thumb/v7-m/nofp/crti.o
 .ARM.attributes
                0x0000001d       0x2d c:/progra~2/gnuarm~1/102021~1.10/bin/../lib/gcc/arm-none-eabi/10.3.1/thumb/v7-m/nofp/crtbegin.o
 .ARM.attributes
                0x0000004a       0x2d CMakeFiles/test3.elf.dir/BSP/WS2812.c.obj
 .ARM.attributes
                0x00000077       0x2d CMakeFiles/test3.elf.dir/ContrlSys/ctr.c.obj
 .ARM.attributes
                0x000000a4       0x2d CMakeFiles/test3.elf.dir/ContrlSys/vibra.c.obj
 .ARM.attributes
                0x000000d1       0x2d CMakeFiles/test3.elf.dir/Core/Src/dma.c.obj
 .ARM.attributes
                0x000000fe       0x2d CMakeFiles/test3.elf.dir/Core/Src/gpio.c.obj
 .ARM.attributes
                0x0000012b       0x2d CMakeFiles/test3.elf.dir/Core/Src/main.c.obj
 .ARM.attributes
                0x00000158       0x2d CMakeFiles/test3.elf.dir/Core/Src/stm32f1xx_hal_msp.c.obj
 .ARM.attributes
                0x00000185       0x2d CMakeFiles/test3.elf.dir/Core/Src/stm32f1xx_hal_timebase_tim.c.obj
 .ARM.attributes
                0x000001b2       0x2d CMakeFiles/test3.elf.dir/Core/Src/stm32f1xx_it.c.obj
 .ARM.attributes
                0x000001df       0x2d CMakeFiles/test3.elf.dir/Core/Src/system_stm32f1xx.c.obj
 .ARM.attributes
                0x0000020c       0x2d CMakeFiles/test3.elf.dir/Core/Src/tim.c.obj
 .ARM.attributes
                0x00000239       0x2d CMakeFiles/test3.elf.dir/Drivers/STM32F1xx_HAL_Driver/Src/stm32f1xx_hal.c.obj
 .ARM.attributes
                0x00000266       0x2d CMakeFiles/test3.elf.dir/Drivers/STM32F1xx_HAL_Driver/Src/stm32f1xx_hal_cortex.c.obj
 .ARM.attributes
                0x00000293       0x2d CMakeFiles/test3.elf.dir/Drivers/STM32F1xx_HAL_Driver/Src/stm32f1xx_hal_dma.c.obj
 .ARM.attributes
                0x000002c0       0x2d CMakeFiles/test3.elf.dir/Drivers/STM32F1xx_HAL_Driver/Src/stm32f1xx_hal_gpio.c.obj
 .ARM.attributes
                0x000002ed       0x2d CMakeFiles/test3.elf.dir/Drivers/STM32F1xx_HAL_Driver/Src/stm32f1xx_hal_rcc.c.obj
 .ARM.attributes
                0x0000031a       0x2d CMakeFiles/test3.elf.dir/Drivers/STM32F1xx_HAL_Driver/Src/stm32f1xx_hal_tim.c.obj
 .ARM.attributes
                0x00000347       0x2d CMakeFiles/test3.elf.dir/Drivers/STM32F1xx_HAL_Driver/Src/stm32f1xx_hal_tim_ex.c.obj
 .ARM.attributes
                0x00000374       0x21 CMakeFiles/test3.elf.dir/startup/startup_stm32f103xe.s.obj
 .ARM.attributes
                0x00000395       0x2d c:/progra~2/gnuarm~1/102021~1.10/bin/../lib/gcc/arm-none-eabi/10.3.1/../../../../arm-none-eabi/lib/thumb/v7-m/nofp\libg.a(lib_a-impure.o)
 .ARM.attributes
                0x000003c2       0x2d c:/progra~2/gnuarm~1/102021~1.10/bin/../lib/gcc/arm-none-eabi/10.3.1/../../../../arm-none-eabi/lib/thumb/v7-m/nofp\libg.a(lib_a-init.o)
 .ARM.attributes
                0x000003ef       0x2d c:/progra~2/gnuarm~1/102021~1.10/bin/../lib/gcc/arm-none-eabi/10.3.1/../../../../arm-none-eabi/lib/thumb/v7-m/nofp\libg.a(lib_a-memset.o)
 .ARM.attributes
                0x0000041c       0x2d c:/progra~2/gnuarm~1/102021~1.10/bin/../lib/gcc/arm-none-eabi/10.3.1/../../../../arm-none-eabi/lib/thumb/v7-m/nofp\libg.a(lib_a-rand.o)
 .ARM.attributes
                0x00000449       0x2d c:/progra~2/gnuarm~1/102021~1.10/bin/../lib/gcc/arm-none-eabi/10.3.1/../../../../arm-none-eabi/lib/thumb/v7-m/nofp\libg.a(lib_a-__call_atexit.o)
 .ARM.attributes
                0x00000476       0x2d c:/progra~2/gnuarm~1/102021~1.10/bin/../lib/gcc/arm-none-eabi/10.3.1/../../../../arm-none-eabi/lib/thumb/v7-m/nofp\libg.a(lib_a-atexit.o)
 .ARM.attributes
                0x000004a3       0x2d c:/progra~2/gnuarm~1/102021~1.10/bin/../lib/gcc/arm-none-eabi/10.3.1/../../../../arm-none-eabi/lib/thumb/v7-m/nofp\libg.a(lib_a-fini.o)
 .ARM.attributes
                0x000004d0       0x2d c:/progra~2/gnuarm~1/102021~1.10/bin/../lib/gcc/arm-none-eabi/10.3.1/../../../../arm-none-eabi/lib/thumb/v7-m/nofp\libg.a(lib_a-lock.o)
 .ARM.attributes
                0x000004fd       0x2d c:/progra~2/gnuarm~1/102021~1.10/bin/../lib/gcc/arm-none-eabi/10.3.1/../../../../arm-none-eabi/lib/thumb/v7-m/nofp\libg.a(lib_a-__atexit.o)
 .ARM.attributes
                0x0000052a       0x1d c:/progra~2/gnuarm~1/102021~1.10/bin/../lib/gcc/arm-none-eabi/10.3.1/thumb/v7-m/nofp/crtn.o
OUTPUT(test3.elf elf32-littlearm)
LOAD linker stubs
LOAD c:/progra~2/gnuarm~1/102021~1.10/bin/../lib/gcc/arm-none-eabi/10.3.1/../../../../arm-none-eabi/lib/thumb/v7-m/nofp\libc.a
LOAD c:/progra~2/gnuarm~1/102021~1.10/bin/../lib/gcc/arm-none-eabi/10.3.1/../../../../arm-none-eabi/lib/thumb/v7-m/nofp\libm.a
LOAD c:/progra~2/gnuarm~1/102021~1.10/bin/../lib/gcc/arm-none-eabi/10.3.1/thumb/v7-m/nofp\libgcc.a

.debug_info     0x00000000     0xe00a
 .debug_info    0x00000000      0xbde CMakeFiles/test3.elf.dir/BSP/WS2812.c.obj
 .debug_info    0x00000bde     0x1252 CMakeFiles/test3.elf.dir/ContrlSys/ctr.c.obj
 .debug_info    0x00001e30      0x8c6 CMakeFiles/test3.elf.dir/ContrlSys/vibra.c.obj
 .debug_info    0x000026f6      0x46b CMakeFiles/test3.elf.dir/Core/Src/dma.c.obj
 .debug_info    0x00002b61      0x2eb CMakeFiles/test3.elf.dir/Core/Src/gpio.c.obj
 .debug_info    0x00002e4c      0x415 CMakeFiles/test3.elf.dir/Core/Src/main.c.obj
 .debug_info    0x00003261      0x211 CMakeFiles/test3.elf.dir/Core/Src/stm32f1xx_hal_msp.c.obj
 .debug_info    0x00003472      0xab1 CMakeFiles/test3.elf.dir/Core/Src/stm32f1xx_hal_timebase_tim.c.obj
 .debug_info    0x00003f23      0x48e CMakeFiles/test3.elf.dir/Core/Src/stm32f1xx_it.c.obj
 .debug_info    0x000043b1      0x248 CMakeFiles/test3.elf.dir/Core/Src/system_stm32f1xx.c.obj
 .debug_info    0x000045f9     0x161d CMakeFiles/test3.elf.dir/Core/Src/tim.c.obj
 .debug_info    0x00005c16      0x80e CMakeFiles/test3.elf.dir/Drivers/STM32F1xx_HAL_Driver/Src/stm32f1xx_hal.c.obj
 .debug_info    0x00006424      0xdf0 CMakeFiles/test3.elf.dir/Drivers/STM32F1xx_HAL_Driver/Src/stm32f1xx_hal_cortex.c.obj
 .debug_info    0x00007214      0x846 CMakeFiles/test3.elf.dir/Drivers/STM32F1xx_HAL_Driver/Src/stm32f1xx_hal_dma.c.obj
 .debug_info    0x00007a5a      0x66f CMakeFiles/test3.elf.dir/Drivers/STM32F1xx_HAL_Driver/Src/stm32f1xx_hal_gpio.c.obj
 .debug_info    0x000080c9      0xa36 CMakeFiles/test3.elf.dir/Drivers/STM32F1xx_HAL_Driver/Src/stm32f1xx_hal_rcc.c.obj
 .debug_info    0x00008aff     0x3b00 CMakeFiles/test3.elf.dir/Drivers/STM32F1xx_HAL_Driver/Src/stm32f1xx_hal_tim.c.obj
 .debug_info    0x0000c5ff     0x19e9 CMakeFiles/test3.elf.dir/Drivers/STM32F1xx_HAL_Driver/Src/stm32f1xx_hal_tim_ex.c.obj
 .debug_info    0x0000dfe8       0x22 CMakeFiles/test3.elf.dir/startup/startup_stm32f103xe.s.obj

.debug_abbrev   0x00000000     0x23f4
 .debug_abbrev  0x00000000      0x24b CMakeFiles/test3.elf.dir/BSP/WS2812.c.obj
 .debug_abbrev  0x0000024b      0x3f2 CMakeFiles/test3.elf.dir/ContrlSys/ctr.c.obj
 .debug_abbrev  0x0000063d      0x1ce CMakeFiles/test3.elf.dir/ContrlSys/vibra.c.obj
 .debug_abbrev  0x0000080b      0x114 CMakeFiles/test3.elf.dir/Core/Src/dma.c.obj
 .debug_abbrev  0x0000091f      0x120 CMakeFiles/test3.elf.dir/Core/Src/gpio.c.obj
 .debug_abbrev  0x00000a3f      0x18f CMakeFiles/test3.elf.dir/Core/Src/main.c.obj
 .debug_abbrev  0x00000bce       0xe5 CMakeFiles/test3.elf.dir/Core/Src/stm32f1xx_hal_msp.c.obj
 .debug_abbrev  0x00000cb3      0x1ff CMakeFiles/test3.elf.dir/Core/Src/stm32f1xx_hal_timebase_tim.c.obj
 .debug_abbrev  0x00000eb2      0x170 CMakeFiles/test3.elf.dir/Core/Src/stm32f1xx_it.c.obj
 .debug_abbrev  0x00001022      0x13e CMakeFiles/test3.elf.dir/Core/Src/system_stm32f1xx.c.obj
 .debug_abbrev  0x00001160      0x24b CMakeFiles/test3.elf.dir/Core/Src/tim.c.obj
 .debug_abbrev  0x000013ab      0x1f4 CMakeFiles/test3.elf.dir/Drivers/STM32F1xx_HAL_Driver/Src/stm32f1xx_hal.c.obj
 .debug_abbrev  0x0000159f      0x341 CMakeFiles/test3.elf.dir/Drivers/STM32F1xx_HAL_Driver/Src/stm32f1xx_hal_cortex.c.obj
 .debug_abbrev  0x000018e0      0x223 CMakeFiles/test3.elf.dir/Drivers/STM32F1xx_HAL_Driver/Src/stm32f1xx_hal_dma.c.obj
 .debug_abbrev  0x00001b03      0x1e6 CMakeFiles/test3.elf.dir/Drivers/STM32F1xx_HAL_Driver/Src/stm32f1xx_hal_gpio.c.obj
 .debug_abbrev  0x00001ce9      0x27a CMakeFiles/test3.elf.dir/Drivers/STM32F1xx_HAL_Driver/Src/stm32f1xx_hal_rcc.c.obj
 .debug_abbrev  0x00001f63      0x23e CMakeFiles/test3.elf.dir/Drivers/STM32F1xx_HAL_Driver/Src/stm32f1xx_hal_tim.c.obj
 .debug_abbrev  0x000021a1      0x241 CMakeFiles/test3.elf.dir/Drivers/STM32F1xx_HAL_Driver/Src/stm32f1xx_hal_tim_ex.c.obj
 .debug_abbrev  0x000023e2       0x12 CMakeFiles/test3.elf.dir/startup/startup_stm32f103xe.s.obj

.debug_loc      0x00000000     0x8b82
 .debug_loc     0x00000000      0x3a5 CMakeFiles/test3.elf.dir/BSP/WS2812.c.obj
 .debug_loc     0x000003a5      0x5f0 CMakeFiles/test3.elf.dir/ContrlSys/ctr.c.obj
 .debug_loc     0x00000995       0x15 CMakeFiles/test3.elf.dir/Core/Src/stm32f1xx_hal_msp.c.obj
 .debug_loc     0x000009aa      0x10e CMakeFiles/test3.elf.dir/Core/Src/stm32f1xx_hal_timebase_tim.c.obj
 .debug_loc     0x00000ab8       0xff CMakeFiles/test3.elf.dir/Core/Src/system_stm32f1xx.c.obj
 .debug_loc     0x00000bb7      0x284 CMakeFiles/test3.elf.dir/Core/Src/tim.c.obj
 .debug_loc     0x00000e3b      0x141 CMakeFiles/test3.elf.dir/Drivers/STM32F1xx_HAL_Driver/Src/stm32f1xx_hal.c.obj
 .debug_loc     0x00000f7c      0x71f CMakeFiles/test3.elf.dir/Drivers/STM32F1xx_HAL_Driver/Src/stm32f1xx_hal_cortex.c.obj
 .debug_loc     0x0000169b      0x7ce CMakeFiles/test3.elf.dir/Drivers/STM32F1xx_HAL_Driver/Src/stm32f1xx_hal_dma.c.obj
 .debug_loc     0x00001e69      0x47d CMakeFiles/test3.elf.dir/Drivers/STM32F1xx_HAL_Driver/Src/stm32f1xx_hal_gpio.c.obj
 .debug_loc     0x000022e6      0x63e CMakeFiles/test3.elf.dir/Drivers/STM32F1xx_HAL_Driver/Src/stm32f1xx_hal_rcc.c.obj
 .debug_loc     0x00002924     0x474c CMakeFiles/test3.elf.dir/Drivers/STM32F1xx_HAL_Driver/Src/stm32f1xx_hal_tim.c.obj
 .debug_loc     0x00007070     0x1b12 CMakeFiles/test3.elf.dir/Drivers/STM32F1xx_HAL_Driver/Src/stm32f1xx_hal_tim_ex.c.obj

.debug_aranges  0x00000000      0xb38
 .debug_aranges
                0x00000000       0x80 CMakeFiles/test3.elf.dir/BSP/WS2812.c.obj
 .debug_aranges
                0x00000080       0x80 CMakeFiles/test3.elf.dir/ContrlSys/ctr.c.obj
 .debug_aranges
                0x00000100       0x28 CMakeFiles/test3.elf.dir/ContrlSys/vibra.c.obj
 .debug_aranges
                0x00000128       0x20 CMakeFiles/test3.elf.dir/Core/Src/dma.c.obj
 .debug_aranges
                0x00000148       0x20 CMakeFiles/test3.elf.dir/Core/Src/gpio.c.obj
 .debug_aranges
                0x00000168       0x30 CMakeFiles/test3.elf.dir/Core/Src/main.c.obj
 .debug_aranges
                0x00000198       0x20 CMakeFiles/test3.elf.dir/Core/Src/stm32f1xx_hal_msp.c.obj
 .debug_aranges
                0x000001b8       0x30 CMakeFiles/test3.elf.dir/Core/Src/stm32f1xx_hal_timebase_tim.c.obj
 .debug_aranges
                0x000001e8       0x90 CMakeFiles/test3.elf.dir/Core/Src/stm32f1xx_it.c.obj
 .debug_aranges
                0x00000278       0x28 CMakeFiles/test3.elf.dir/Core/Src/system_stm32f1xx.c.obj
 .debug_aranges
                0x000002a0       0x60 CMakeFiles/test3.elf.dir/Core/Src/tim.c.obj
 .debug_aranges
                0x00000300       0xe0 CMakeFiles/test3.elf.dir/Drivers/STM32F1xx_HAL_Driver/Src/stm32f1xx_hal.c.obj
 .debug_aranges
                0x000003e0       0x90 CMakeFiles/test3.elf.dir/Drivers/STM32F1xx_HAL_Driver/Src/stm32f1xx_hal_cortex.c.obj
 .debug_aranges
                0x00000470       0x80 CMakeFiles/test3.elf.dir/Drivers/STM32F1xx_HAL_Driver/Src/stm32f1xx_hal_dma.c.obj
 .debug_aranges
                0x000004f0       0x58 CMakeFiles/test3.elf.dir/Drivers/STM32F1xx_HAL_Driver/Src/stm32f1xx_hal_gpio.c.obj
 .debug_aranges
                0x00000548       0x90 CMakeFiles/test3.elf.dir/Drivers/STM32F1xx_HAL_Driver/Src/stm32f1xx_hal_rcc.c.obj
 .debug_aranges
                0x000005d8      0x3d0 CMakeFiles/test3.elf.dir/Drivers/STM32F1xx_HAL_Driver/Src/stm32f1xx_hal_tim.c.obj
 .debug_aranges
                0x000009a8      0x168 CMakeFiles/test3.elf.dir/Drivers/STM32F1xx_HAL_Driver/Src/stm32f1xx_hal_tim_ex.c.obj
 .debug_aranges
                0x00000b10       0x28 CMakeFiles/test3.elf.dir/startup/startup_stm32f103xe.s.obj

.debug_ranges   0x00000000      0xc20
 .debug_ranges  0x00000000       0x70 CMakeFiles/test3.elf.dir/BSP/WS2812.c.obj
 .debug_ranges  0x00000070      0x200 CMakeFiles/test3.elf.dir/ContrlSys/ctr.c.obj
 .debug_ranges  0x00000270       0x18 CMakeFiles/test3.elf.dir/ContrlSys/vibra.c.obj
 .debug_ranges  0x00000288       0x10 CMakeFiles/test3.elf.dir/Core/Src/dma.c.obj
 .debug_ranges  0x00000298       0x10 CMakeFiles/test3.elf.dir/Core/Src/gpio.c.obj
 .debug_ranges  0x000002a8       0x20 CMakeFiles/test3.elf.dir/Core/Src/main.c.obj
 .debug_ranges  0x000002c8       0x10 CMakeFiles/test3.elf.dir/Core/Src/stm32f1xx_hal_msp.c.obj
 .debug_ranges  0x000002d8       0x20 CMakeFiles/test3.elf.dir/Core/Src/stm32f1xx_hal_timebase_tim.c.obj
 .debug_ranges  0x000002f8       0x80 CMakeFiles/test3.elf.dir/Core/Src/stm32f1xx_it.c.obj
 .debug_ranges  0x00000378       0x18 CMakeFiles/test3.elf.dir/Core/Src/system_stm32f1xx.c.obj
 .debug_ranges  0x00000390       0x50 CMakeFiles/test3.elf.dir/Core/Src/tim.c.obj
 .debug_ranges  0x000003e0       0xd0 CMakeFiles/test3.elf.dir/Drivers/STM32F1xx_HAL_Driver/Src/stm32f1xx_hal.c.obj
 .debug_ranges  0x000004b0       0xe0 CMakeFiles/test3.elf.dir/Drivers/STM32F1xx_HAL_Driver/Src/stm32f1xx_hal_cortex.c.obj
 .debug_ranges  0x00000590       0x70 CMakeFiles/test3.elf.dir/Drivers/STM32F1xx_HAL_Driver/Src/stm32f1xx_hal_dma.c.obj
 .debug_ranges  0x00000600       0x48 CMakeFiles/test3.elf.dir/Drivers/STM32F1xx_HAL_Driver/Src/stm32f1xx_hal_gpio.c.obj
 .debug_ranges  0x00000648       0xa0 CMakeFiles/test3.elf.dir/Drivers/STM32F1xx_HAL_Driver/Src/stm32f1xx_hal_rcc.c.obj
 .debug_ranges  0x000006e8      0x3c0 CMakeFiles/test3.elf.dir/Drivers/STM32F1xx_HAL_Driver/Src/stm32f1xx_hal_tim.c.obj
 .debug_ranges  0x00000aa8      0x158 CMakeFiles/test3.elf.dir/Drivers/STM32F1xx_HAL_Driver/Src/stm32f1xx_hal_tim_ex.c.obj
 .debug_ranges  0x00000c00       0x20 CMakeFiles/test3.elf.dir/startup/startup_stm32f103xe.s.obj

.debug_line     0x00000000     0xcc95
 .debug_line    0x00000000      0x9af CMakeFiles/test3.elf.dir/BSP/WS2812.c.obj
 .debug_line    0x000009af      0xad5 CMakeFiles/test3.elf.dir/ContrlSys/ctr.c.obj
 .debug_line    0x00001484      0x367 CMakeFiles/test3.elf.dir/ContrlSys/vibra.c.obj
 .debug_line    0x000017eb      0x244 CMakeFiles/test3.elf.dir/Core/Src/dma.c.obj
 .debug_line    0x00001a2f      0x276 CMakeFiles/test3.elf.dir/Core/Src/gpio.c.obj
 .debug_line    0x00001ca5      0x435 CMakeFiles/test3.elf.dir/Core/Src/main.c.obj
 .debug_line    0x000020da      0x1ca CMakeFiles/test3.elf.dir/Core/Src/stm32f1xx_hal_msp.c.obj
 .debug_line    0x000022a4      0x39c CMakeFiles/test3.elf.dir/Core/Src/stm32f1xx_hal_timebase_tim.c.obj
 .debug_line    0x00002640      0x3e6 CMakeFiles/test3.elf.dir/Core/Src/stm32f1xx_it.c.obj
 .debug_line    0x00002a26      0x294 CMakeFiles/test3.elf.dir/Core/Src/system_stm32f1xx.c.obj
 .debug_line    0x00002cba      0xd45 CMakeFiles/test3.elf.dir/Core/Src/tim.c.obj
 .debug_line    0x000039ff      0x60a CMakeFiles/test3.elf.dir/Drivers/STM32F1xx_HAL_Driver/Src/stm32f1xx_hal.c.obj
 .debug_line    0x00004009      0x6ce CMakeFiles/test3.elf.dir/Drivers/STM32F1xx_HAL_Driver/Src/stm32f1xx_hal_cortex.c.obj
 .debug_line    0x000046d7      0xd80 CMakeFiles/test3.elf.dir/Drivers/STM32F1xx_HAL_Driver/Src/stm32f1xx_hal_dma.c.obj
 .debug_line    0x00005457      0x68c CMakeFiles/test3.elf.dir/Drivers/STM32F1xx_HAL_Driver/Src/stm32f1xx_hal_gpio.c.obj
 .debug_line    0x00005ae3      0xcc1 CMakeFiles/test3.elf.dir/Drivers/STM32F1xx_HAL_Driver/Src/stm32f1xx_hal_rcc.c.obj
 .debug_line    0x000067a4     0x47d2 CMakeFiles/test3.elf.dir/Drivers/STM32F1xx_HAL_Driver/Src/stm32f1xx_hal_tim.c.obj
 .debug_line    0x0000af76     0x1c5b CMakeFiles/test3.elf.dir/Drivers/STM32F1xx_HAL_Driver/Src/stm32f1xx_hal_tim_ex.c.obj
 .debug_line    0x0000cbd1       0xc4 CMakeFiles/test3.elf.dir/startup/startup_stm32f103xe.s.obj

.debug_str      0x00000000     0x3a4f
 .debug_str     0x00000000      0x7ac CMakeFiles/test3.elf.dir/BSP/WS2812.c.obj
                                0x861 (size before relaxing)
 .debug_str     0x000007ac      0x361 CMakeFiles/test3.elf.dir/ContrlSys/ctr.c.obj
                                0xa7a (size before relaxing)
 .debug_str     0x00000b0d       0x95 CMakeFiles/test3.elf.dir/ContrlSys/vibra.c.obj
                                0x7c4 (size before relaxing)
 .debug_str     0x00000ba2      0x489 CMakeFiles/test3.elf.dir/Core/Src/dma.c.obj
                                0x64a (size before relaxing)
 .debug_str     0x0000102b       0x9e CMakeFiles/test3.elf.dir/Core/Src/gpio.c.obj
                                0x2d5 (size before relaxing)
 .debug_str     0x000010c9      0x24f CMakeFiles/test3.elf.dir/Core/Src/main.c.obj
                                0x45f (size before relaxing)
 .debug_str     0x00001318       0x9e CMakeFiles/test3.elf.dir/Core/Src/stm32f1xx_hal_msp.c.obj
                                0x2a5 (size before relaxing)
 .debug_str     0x000013b6      0x15d CMakeFiles/test3.elf.dir/Core/Src/stm32f1xx_hal_timebase_tim.c.obj
                                0xc7c (size before relaxing)
 .debug_str     0x00001513      0x200 CMakeFiles/test3.elf.dir/Core/Src/stm32f1xx_it.c.obj
                                0x598 (size before relaxing)
 .debug_str     0x00001713       0xc2 CMakeFiles/test3.elf.dir/Core/Src/system_stm32f1xx.c.obj
                                0x2da (size before relaxing)
 .debug_str     0x000017d5      0x2ea CMakeFiles/test3.elf.dir/Core/Src/tim.c.obj
                                0xb77 (size before relaxing)
 .debug_str     0x00001abf      0x2f2 CMakeFiles/test3.elf.dir/Drivers/STM32F1xx_HAL_Driver/Src/stm32f1xx_hal.c.obj
                                0x98e (size before relaxing)
 .debug_str     0x00001db1      0x3e1 CMakeFiles/test3.elf.dir/Drivers/STM32F1xx_HAL_Driver/Src/stm32f1xx_hal_cortex.c.obj
                                0xa3d (size before relaxing)
 .debug_str     0x00002192      0x25c CMakeFiles/test3.elf.dir/Drivers/STM32F1xx_HAL_Driver/Src/stm32f1xx_hal_dma.c.obj
                                0x683 (size before relaxing)
 .debug_str     0x000023ee      0x186 CMakeFiles/test3.elf.dir/Drivers/STM32F1xx_HAL_Driver/Src/stm32f1xx_hal_gpio.c.obj
                                0x486 (size before relaxing)
 .debug_str     0x00002574      0x202 CMakeFiles/test3.elf.dir/Drivers/STM32F1xx_HAL_Driver/Src/stm32f1xx_hal_rcc.c.obj
                                0x6b1 (size before relaxing)
 .debug_str     0x00002776      0xdb0 CMakeFiles/test3.elf.dir/Drivers/STM32F1xx_HAL_Driver/Src/stm32f1xx_hal_tim.c.obj
                               0x16be (size before relaxing)
 .debug_str     0x00003526      0x4b6 CMakeFiles/test3.elf.dir/Drivers/STM32F1xx_HAL_Driver/Src/stm32f1xx_hal_tim_ex.c.obj
                                0xebf (size before relaxing)
 .debug_str     0x000039dc       0x73 CMakeFiles/test3.elf.dir/startup/startup_stm32f103xe.s.obj
                                 0xcc (size before relaxing)

.comment        0x00000000       0x49
 .comment       0x00000000       0x49 CMakeFiles/test3.elf.dir/BSP/WS2812.c.obj
                                 0x4a (size before relaxing)
 .comment       0x00000049       0x4a CMakeFiles/test3.elf.dir/ContrlSys/ctr.c.obj
 .comment       0x00000049       0x4a CMakeFiles/test3.elf.dir/ContrlSys/vibra.c.obj
 .comment       0x00000049       0x4a CMakeFiles/test3.elf.dir/Core/Src/dma.c.obj
 .comment       0x00000049       0x4a CMakeFiles/test3.elf.dir/Core/Src/gpio.c.obj
 .comment       0x00000049       0x4a CMakeFiles/test3.elf.dir/Core/Src/main.c.obj
 .comment       0x00000049       0x4a CMakeFiles/test3.elf.dir/Core/Src/stm32f1xx_hal_msp.c.obj
 .comment       0x00000049       0x4a CMakeFiles/test3.elf.dir/Core/Src/stm32f1xx_hal_timebase_tim.c.obj
 .comment       0x00000049       0x4a CMakeFiles/test3.elf.dir/Core/Src/stm32f1xx_it.c.obj
 .comment       0x00000049       0x4a CMakeFiles/test3.elf.dir/Core/Src/system_stm32f1xx.c.obj
 .comment       0x00000049       0x4a CMakeFiles/test3.elf.dir/Core/Src/tim.c.obj
 .comment       0x00000049       0x4a CMakeFiles/test3.elf.dir/Drivers/STM32F1xx_HAL_Driver/Src/stm32f1xx_hal.c.obj
 .comment       0x00000049       0x4a CMakeFiles/test3.elf.dir/Drivers/STM32F1xx_HAL_Driver/Src/stm32f1xx_hal_cortex.c.obj
 .comment       0x00000049       0x4a CMakeFiles/test3.elf.dir/Drivers/STM32F1xx_HAL_Driver/Src/stm32f1xx_hal_dma.c.obj
 .comment       0x00000049       0x4a CMakeFiles/test3.elf.dir/Drivers/STM32F1xx_HAL_Driver/Src/stm32f1xx_hal_gpio.c.obj
 .comment       0x00000049       0x4a CMakeFiles/test3.elf.dir/Drivers/STM32F1xx_HAL_Driver/Src/stm32f1xx_hal_rcc.c.obj
 .comment       0x00000049       0x4a CMakeFiles/test3.elf.dir/Drivers/STM32F1xx_HAL_Driver/Src/stm32f1xx_hal_tim.c.obj
 .comment       0x00000049       0x4a CMakeFiles/test3.elf.dir/Drivers/STM32F1xx_HAL_Driver/Src/stm32f1xx_hal_tim_ex.c.obj

.debug_frame    0x00000000     0x1e68
 .debug_frame   0x00000000      0x158 CMakeFiles/test3.elf.dir/BSP/WS2812.c.obj
 .debug_frame   0x00000158      0x140 CMakeFiles/test3.elf.dir/ContrlSys/ctr.c.obj
 .debug_frame   0x00000298       0x38 CMakeFiles/test3.elf.dir/ContrlSys/vibra.c.obj
 .debug_frame   0x000002d0       0x2c CMakeFiles/test3.elf.dir/Core/Src/dma.c.obj
 .debug_frame   0x000002fc       0x30 CMakeFiles/test3.elf.dir/Core/Src/gpio.c.obj
 .debug_frame   0x0000032c       0x58 CMakeFiles/test3.elf.dir/Core/Src/main.c.obj
 .debug_frame   0x00000384       0x28 CMakeFiles/test3.elf.dir/Core/Src/stm32f1xx_hal_msp.c.obj
 .debug_frame   0x000003ac       0x54 CMakeFiles/test3.elf.dir/Core/Src/stm32f1xx_hal_timebase_tim.c.obj
 .debug_frame   0x00000400      0x138 CMakeFiles/test3.elf.dir/Core/Src/stm32f1xx_it.c.obj
 .debug_frame   0x00000538       0x30 CMakeFiles/test3.elf.dir/Core/Src/system_stm32f1xx.c.obj
 .debug_frame   0x00000568      0x130 CMakeFiles/test3.elf.dir/Core/Src/tim.c.obj
 .debug_frame   0x00000698      0x1cc CMakeFiles/test3.elf.dir/Drivers/STM32F1xx_HAL_Driver/Src/stm32f1xx_hal.c.obj
 .debug_frame   0x00000864      0x118 CMakeFiles/test3.elf.dir/Drivers/STM32F1xx_HAL_Driver/Src/stm32f1xx_hal_cortex.c.obj
 .debug_frame   0x0000097c      0x140 CMakeFiles/test3.elf.dir/Drivers/STM32F1xx_HAL_Driver/Src/stm32f1xx_hal_dma.c.obj
 .debug_frame   0x00000abc       0xe4 CMakeFiles/test3.elf.dir/Drivers/STM32F1xx_HAL_Driver/Src/stm32f1xx_hal_gpio.c.obj
 .debug_frame   0x00000ba0      0x190 CMakeFiles/test3.elf.dir/Drivers/STM32F1xx_HAL_Driver/Src/stm32f1xx_hal_rcc.c.obj
 .debug_frame   0x00000d30      0xb04 CMakeFiles/test3.elf.dir/Drivers/STM32F1xx_HAL_Driver/Src/stm32f1xx_hal_tim.c.obj
 .debug_frame   0x00001834      0x40c CMakeFiles/test3.elf.dir/Drivers/STM32F1xx_HAL_Driver/Src/stm32f1xx_hal_tim_ex.c.obj
 .debug_frame   0x00001c40       0x2c c:/progra~2/gnuarm~1/102021~1.10/bin/../lib/gcc/arm-none-eabi/10.3.1/../../../../arm-none-eabi/lib/thumb/v7-m/nofp\libg.a(lib_a-init.o)
 .debug_frame   0x00001c6c       0x2c c:/progra~2/gnuarm~1/102021~1.10/bin/../lib/gcc/arm-none-eabi/10.3.1/../../../../arm-none-eabi/lib/thumb/v7-m/nofp\libg.a(lib_a-memset.o)
 .debug_frame   0x00001c98       0x3c c:/progra~2/gnuarm~1/102021~1.10/bin/../lib/gcc/arm-none-eabi/10.3.1/../../../../arm-none-eabi/lib/thumb/v7-m/nofp\libg.a(lib_a-rand.o)
 .debug_frame   0x00001cd4       0x5c c:/progra~2/gnuarm~1/102021~1.10/bin/../lib/gcc/arm-none-eabi/10.3.1/../../../../arm-none-eabi/lib/thumb/v7-m/nofp\libg.a(lib_a-__call_atexit.o)
 .debug_frame   0x00001d30       0x20 c:/progra~2/gnuarm~1/102021~1.10/bin/../lib/gcc/arm-none-eabi/10.3.1/../../../../arm-none-eabi/lib/thumb/v7-m/nofp\libg.a(lib_a-atexit.o)
 .debug_frame   0x00001d50       0x34 c:/progra~2/gnuarm~1/102021~1.10/bin/../lib/gcc/arm-none-eabi/10.3.1/../../../../arm-none-eabi/lib/thumb/v7-m/nofp\libg.a(lib_a-fini.o)
 .debug_frame   0x00001d84       0xb0 c:/progra~2/gnuarm~1/102021~1.10/bin/../lib/gcc/arm-none-eabi/10.3.1/../../../../arm-none-eabi/lib/thumb/v7-m/nofp\libg.a(lib_a-lock.o)
 .debug_frame   0x00001e34       0x34 c:/progra~2/gnuarm~1/102021~1.10/bin/../lib/gcc/arm-none-eabi/10.3.1/../../../../arm-none-eabi/lib/thumb/v7-m/nofp\libg.a(lib_a-__atexit.o)
