Archive member included to satisfy reference by file (symbol)

c:/progra~2/gnuarm~1/102021~1.10/bin/../lib/gcc/arm-none-eabi/10.3.1/thumb/v7-m/nofp\libgcc.a(_arm_mulsf3.o)
                              CMakeFiles/test3.elf.dir/BSP/bsp_dwt.c.obj (__aeabi_fmul)
c:/progra~2/gnuarm~1/102021~1.10/bin/../lib/gcc/arm-none-eabi/10.3.1/thumb/v7-m/nofp\libgcc.a(_arm_addsubdf3.o)
                              CMakeFiles/test3.elf.dir/BSP/bsp_dwt.c.obj (__aeabi_ui2d)
c:/progra~2/gnuarm~1/102021~1.10/bin/../lib/gcc/arm-none-eabi/10.3.1/thumb/v7-m/nofp\libgcc.a(_arm_muldivdf3.o)
                              CMakeFiles/test3.elf.dir/BSP/bsp_dwt.c.obj (__aeabi_ddiv)
c:/progra~2/gnuarm~1/102021~1.10/bin/../lib/gcc/arm-none-eabi/10.3.1/thumb/v7-m/nofp\libgcc.a(_arm_addsubsf3.o)
                              CMakeFiles/test3.elf.dir/BSP/bsp_dwt.c.obj (__aeabi_ui2f)
c:/progra~2/gnuarm~1/102021~1.10/bin/../lib/gcc/arm-none-eabi/10.3.1/thumb/v7-m/nofp\libgcc.a(_arm_muldivsf3.o)
                              CMakeFiles/test3.elf.dir/BSP/bsp_dwt.c.obj (__aeabi_fdiv)
c:/progra~2/gnuarm~1/102021~1.10/bin/../lib/gcc/arm-none-eabi/10.3.1/thumb/v7-m/nofp\libgcc.a(_arm_cmpsf2.o)
                              CMakeFiles/test3.elf.dir/BSP/bsp_dwt.c.obj (__aeabi_fcmplt)
c:/progra~2/gnuarm~1/102021~1.10/bin/../lib/gcc/arm-none-eabi/10.3.1/../../../../arm-none-eabi/lib/thumb/v7-m/nofp\libg.a(lib_a-errno.o)
                              CMakeFiles/test3.elf.dir/Core/Src/syscalls.c.obj (__errno)
c:/progra~2/gnuarm~1/102021~1.10/bin/../lib/gcc/arm-none-eabi/10.3.1/../../../../arm-none-eabi/lib/thumb/v7-m/nofp\libg.a(lib_a-exit.o)
                              c:/progra~2/gnuarm~1/102021~1.10/bin/../lib/gcc/arm-none-eabi/10.3.1/../../../../arm-none-eabi/lib/thumb/v7-m/nofp/crt0.o (exit)
c:/progra~2/gnuarm~1/102021~1.10/bin/../lib/gcc/arm-none-eabi/10.3.1/../../../../arm-none-eabi/lib/thumb/v7-m/nofp\libg.a(lib_a-impure.o)
                              c:/progra~2/gnuarm~1/102021~1.10/bin/../lib/gcc/arm-none-eabi/10.3.1/../../../../arm-none-eabi/lib/thumb/v7-m/nofp\libg.a(lib_a-exit.o) (_global_impure_ptr)
c:/progra~2/gnuarm~1/102021~1.10/bin/../lib/gcc/arm-none-eabi/10.3.1/../../../../arm-none-eabi/lib/thumb/v7-m/nofp\libg.a(lib_a-init.o)
                              c:/progra~2/gnuarm~1/102021~1.10/bin/../lib/gcc/arm-none-eabi/10.3.1/../../../../arm-none-eabi/lib/thumb/v7-m/nofp/crt0.o (__libc_init_array)
c:/progra~2/gnuarm~1/102021~1.10/bin/../lib/gcc/arm-none-eabi/10.3.1/../../../../arm-none-eabi/lib/thumb/v7-m/nofp\libg.a(lib_a-memset.o)
                              c:/progra~2/gnuarm~1/102021~1.10/bin/../lib/gcc/arm-none-eabi/10.3.1/../../../../arm-none-eabi/lib/thumb/v7-m/nofp/crt0.o (memset)
c:/progra~2/gnuarm~1/102021~1.10/bin/../lib/gcc/arm-none-eabi/10.3.1/../../../../arm-none-eabi/lib/thumb/v7-m/nofp\libg.a(lib_a-__call_atexit.o)
                              c:/progra~2/gnuarm~1/102021~1.10/bin/../lib/gcc/arm-none-eabi/10.3.1/../../../../arm-none-eabi/lib/thumb/v7-m/nofp\libg.a(lib_a-exit.o) (__call_exitprocs)
c:/progra~2/gnuarm~1/102021~1.10/bin/../lib/gcc/arm-none-eabi/10.3.1/../../../../arm-none-eabi/lib/thumb/v7-m/nofp\libg.a(lib_a-atexit.o)
                              c:/progra~2/gnuarm~1/102021~1.10/bin/../lib/gcc/arm-none-eabi/10.3.1/../../../../arm-none-eabi/lib/thumb/v7-m/nofp\libg.a(lib_a-__call_atexit.o) (atexit)
c:/progra~2/gnuarm~1/102021~1.10/bin/../lib/gcc/arm-none-eabi/10.3.1/../../../../arm-none-eabi/lib/thumb/v7-m/nofp\libg.a(lib_a-fini.o)
                              c:/progra~2/gnuarm~1/102021~1.10/bin/../lib/gcc/arm-none-eabi/10.3.1/../../../../arm-none-eabi/lib/thumb/v7-m/nofp\libg.a(lib_a-__call_atexit.o) (__libc_fini_array)
c:/progra~2/gnuarm~1/102021~1.10/bin/../lib/gcc/arm-none-eabi/10.3.1/../../../../arm-none-eabi/lib/thumb/v7-m/nofp\libg.a(lib_a-lock.o)
                              c:/progra~2/gnuarm~1/102021~1.10/bin/../lib/gcc/arm-none-eabi/10.3.1/../../../../arm-none-eabi/lib/thumb/v7-m/nofp\libg.a(lib_a-__call_atexit.o) (__retarget_lock_acquire_recursive)
c:/progra~2/gnuarm~1/102021~1.10/bin/../lib/gcc/arm-none-eabi/10.3.1/../../../../arm-none-eabi/lib/thumb/v7-m/nofp\libg.a(lib_a-__atexit.o)
                              c:/progra~2/gnuarm~1/102021~1.10/bin/../lib/gcc/arm-none-eabi/10.3.1/../../../../arm-none-eabi/lib/thumb/v7-m/nofp\libg.a(lib_a-atexit.o) (__register_exitproc)

Discarded input sections

 .text          0x00000000        0x0 c:/progra~2/gnuarm~1/102021~1.10/bin/../lib/gcc/arm-none-eabi/10.3.1/thumb/v7-m/nofp/crti.o
 .data          0x00000000        0x0 c:/progra~2/gnuarm~1/102021~1.10/bin/../lib/gcc/arm-none-eabi/10.3.1/thumb/v7-m/nofp/crti.o
 .bss           0x00000000        0x0 c:/progra~2/gnuarm~1/102021~1.10/bin/../lib/gcc/arm-none-eabi/10.3.1/thumb/v7-m/nofp/crti.o
 .data          0x00000000        0x4 c:/progra~2/gnuarm~1/102021~1.10/bin/../lib/gcc/arm-none-eabi/10.3.1/thumb/v7-m/nofp/crtbegin.o
[...]
Memory Configuration

Name             Origin             Length             Attributes
RAM              0x20000000         0x0000c000         xrw
FLASH            0x08000000         0x00040000         xr
*default*        0x00000000         0xffffffff

Linker script and memory map

LOAD c:/progra~2/gnuarm~1/102021~1.10/bin/../lib/gcc/arm-none-eabi/10.3.1/thumb/v7-m/nofp/crti.o
LOAD c:/progra~2/gnuarm~1/102021~1.10/bin/../lib/gcc/arm-none-eabi/10.3.1/thumb/v7-m/nofp/crtbegin.o
LOAD c:/progra~2/gnuarm~1/102021~1.10/bin/../lib/gcc/arm-none-eabi/10.3.1/../../../../arm-none-eabi/lib/thumb/v7-m/nofp/crt0.o
LOAD CMakeFiles/test3.elf.dir/BSP/WS2812.c.obj
LOAD CMakeFiles/test3.elf.dir/BSP/bsp_dwt.c.obj
LOAD CMakeFiles/test3.elf.dir/ContrlSys/ctr.c.obj
LOAD CMakeFiles/test3.elf.dir/ContrlSys/vibra.c.obj
LOAD CMakeFiles/test3.elf.dir/Core/Src/dma.c.obj
LOAD CMakeFiles/test3.elf.dir/Core/Src/gpio.c.obj
LOAD CMakeFiles/test3.elf.dir/Core/Src/main.c.obj
LOAD CMakeFiles/test3.elf.dir/Core/Src/stm32f1xx_hal_msp.c.obj
LOAD CMakeFiles/test3.elf.dir/Core/Src/stm32f1xx_hal_timebase_tim.c.obj
LOAD CMakeFiles/test3.elf.dir/Core/Src/stm32f1xx_it.c.obj
LOAD CMakeFiles/test3.elf.dir/Core/Src/syscalls.c.obj
LOAD CMakeFiles/test3.elf.dir/Core/Src/system_stm32f1xx.c.obj
LOAD CMakeFiles/test3.elf.dir/Core/Src/tim.c.obj
LOAD CMakeFiles/test3.elf.dir/Drivers/STM32F1xx_HAL_Driver/Src/stm32f1xx_hal.c.obj
LOAD CMakeFiles/test3.elf.dir/Drivers/STM32F1xx_HAL_Driver/Src/stm32f1xx_hal_cortex.c.obj
LOAD CMakeFiles/test3.elf.dir/Drivers/STM32F1xx_HAL_Driver/Src/stm32f1xx_hal_dma.c.obj
LOAD CMakeFiles/test3.elf.dir/Drivers/STM32F1xx_HAL_Driver/Src/stm32f1xx_hal_exti.c.obj
LOAD CMakeFiles/test3.elf.dir/Drivers/STM32F1xx_HAL_Driver/Src/stm32f1xx_hal_flash.c.obj
LOAD CMakeFiles/test3.elf.dir/Drivers/STM32F1xx_HAL_Driver/Src/stm32f1xx_hal_flash_ex.c.obj
LOAD CMakeFiles/test3.elf.dir/Drivers/STM32F1xx_HAL_Driver/Src/stm32f1xx_hal_gpio.c.obj
LOAD CMakeFiles/test3.elf.dir/Drivers/STM32F1xx_HAL_Driver/Src/stm32f1xx_hal_gpio_ex.c.obj
LOAD CMakeFiles/test3.elf.dir/Drivers/STM32F1xx_HAL_Driver/Src/stm32f1xx_hal_pwr.c.obj
LOAD CMakeFiles/test3.elf.dir/Drivers/STM32F1xx_HAL_Driver/Src/stm32f1xx_hal_rcc.c.obj
LOAD CMakeFiles/test3.elf.dir/Drivers/STM32F1xx_HAL_Driver/Src/stm32f1xx_hal_rcc_ex.c.obj
LOAD CMakeFiles/test3.elf.dir/Drivers/STM32F1xx_HAL_Driver/Src/stm32f1xx_hal_rtc.c.obj
LOAD CMakeFiles/test3.elf.dir/Drivers/STM32F1xx_HAL_Driver/Src/stm32f1xx_hal_rtc_ex.c.obj
LOAD CMakeFiles/test3.elf.dir/Drivers/STM32F1xx_HAL_Driver/Src/stm32f1xx_hal_tim.c.obj
LOAD CMakeFiles/test3.elf.dir/Drivers/STM32F1xx_HAL_Driver/Src/stm32f1xx_hal_tim_ex.c.obj
LOAD CMakeFiles/test3.elf.dir/startup/startup_stm32f103xe.s.obj
START GROUP
LOAD c:/progra~2/gnuarm~1/102021~1.10/bin/../lib/gcc/arm-none-eabi/10.3.1/thumb/v7-m/nofp\libgcc.a
LOAD c:/progra~2/gnuarm~1/102021~1.10/bin/../lib/gcc/arm-none-eabi/10.3.1/../../../../arm-none-eabi/lib/thumb/v7-m/nofp\libg.a
LOAD c:/progra~2/gnuarm~1/102021~1.10/bin/../lib/gcc/arm-none-eabi/10.3.1/../../../../arm-none-eabi/lib/thumb/v7-m/nofp\libc.a
END GROUP
LOAD c:/progra~2/gnuarm~1/102021~1.10/bin/../lib/gcc/arm-none-eabi/10.3.1/thumb/v7-m/nofp/crtend.o
LOAD c:/progra~2/gnuarm~1/102021~1.10/bin/../lib/gcc/arm-none-eabi/10.3.1/thumb/v7-m/nofp/crtn.o
                0x2000c000                _estack = 0x2000c000
                0x00000400                _Min_Heap_Size = 0x400
                0x00000500                _Min_Stack_Size = 0x500

.isr_vector     0x08000000      0x1e4
                0x08000000                . = ALIGN (0x4)
 *(.isr_vector)
 .isr_vector    0x08000000      0x1e4 CMakeFiles/test3.elf.dir/startup/startup_stm32f103xe.s.obj
                0x08000000                g_pfnVectors
                0x080001e4                . = ALIGN (0x4)

.text           0x080001e4     0x2e8c
                0x080001e4                . = ALIGN (0x4)
 *(.text)
 .text          0x080001e4       0x40 c:/progra~2/gnuarm~1/102021~1.10/bin/../lib/gcc/arm-none-eabi/10.3.1/thumb/v7-m/nofp/crtbegin.o
 *(.text*)
 .text.control_template_buff
                0x08000224       0x18 CMakeFiles/test3.elf.dir/BSP/WS2812.c.obj
                0x08000224                control_template_buff
 .text.control_template_bit
                0x0800023c       0x60 CMakeFiles/test3.elf.dir/BSP/WS2812.c.obj
                0x0800023c                control_template_bit
 .text.HAL_TIM_PWM_PulseFinishedCallback
                0x0800029c       0x70 CMakeFiles/test3.elf.dir/BSP/WS2812.c.obj
                0x0800029c                HAL_TIM_PWM_PulseFinishedCallback
 .text.fan_list_init
                0x0800030c       0x68 CMakeFiles/test3.elf.dir/ContrlSys/ctr.c.obj
                0x0800030c                fan_list_init
 .text.fan_init
                0x08000374       0x3c CMakeFiles/test3.elf.dir/ContrlSys/ctr.c.obj
                0x08000374                fan_init
 .text.led_circle_Init
                0x080003b0       0x1e CMakeFiles/test3.elf.dir/ContrlSys/ctr.c.obj
                0x080003b0                led_circle_Init
 .text.line_init
                0x080003ce       0x22 CMakeFiles/test3.elf.dir/ContrlSys/ctr.c.obj
                0x080003ce                line_init
 .text.boot_init
                0x080003f0       0x20 CMakeFiles/test3.elf.dir/ContrlSys/ctr.c.obj
                0x080003f0                boot_init
 .text.fan_logic
                0x08000410      0x104 CMakeFiles/test3.elf.dir/ContrlSys/ctr.c.obj
                0x08000410                fan_logic
 .text.close_all
                0x08000514       0x1e CMakeFiles/test3.elf.dir/ContrlSys/ctr.c.obj
                0x08000514                close_all
 .text.light_on
                0x08000532       0x3a CMakeFiles/test3.elf.dir/ContrlSys/ctr.c.obj
                0x08000532                light_on
 .text.draw_arrows
                0x0800056c       0xc4 CMakeFiles/test3.elf.dir/ContrlSys/ctr.c.obj
                0x0800056c                draw_arrows
 .text.light_flow
                0x08000630       0x1c CMakeFiles/test3.elf.dir/ContrlSys/ctr.c.obj
                0x08000630                light_flow
 .text.ctr_fan  0x0800064c      0x1dc CMakeFiles/test3.elf.dir/ContrlSys/ctr.c.obj
                0x0800064c                ctr_fan
 .text.vibra_init
                0x08000828       0x1c CMakeFiles/test3.elf.dir/ContrlSys/vibra.c.obj
                0x08000828                vibra_init
 .text.Vibra_monitor
                0x08000844       0x74 CMakeFiles/test3.elf.dir/ContrlSys/vibra.c.obj
                0x08000844                Vibra_monitor
 .text.MX_DMA_Init
                0x080008b8       0x94 CMakeFiles/test3.elf.dir/Core/Src/dma.c.obj
                0x080008b8                MX_DMA_Init
 .text.MX_GPIO_Init
                0x0800094c       0x8c CMakeFiles/test3.elf.dir/Core/Src/gpio.c.obj
                0x0800094c                MX_GPIO_Init
 .text.Error_Handler
                0x080009d8        0x4 CMakeFiles/test3.elf.dir/Core/Src/main.c.obj
                0x080009d8                Error_Handler
 .text.SystemClock_Config
                0x080009dc       0x64 CMakeFiles/test3.elf.dir/Core/Src/main.c.obj
                0x080009dc                SystemClock_Config
 .text.main     0x08000a40       0x54 CMakeFiles/test3.elf.dir/Core/Src/main.c.obj
                0x08000a40                main
 .text.HAL_MspInit
                0x08000a94       0x44 CMakeFiles/test3.elf.dir/Core/Src/stm32f1xx_hal_msp.c.obj
                0x08000a94                HAL_MspInit
 .text.HAL_InitTick
                0x08000ad8       0xa0 CMakeFiles/test3.elf.dir/Core/Src/stm32f1xx_hal_timebase_tim.c.obj
                0x08000ad8                HAL_InitTick
 .text.NMI_Handler
                0x08000b78        0x2 CMakeFiles/test3.elf.dir/Core/Src/stm32f1xx_it.c.obj
                0x08000b78                NMI_Handler
 .text.HardFault_Handler
                0x08000b7a        0x2 CMakeFiles/test3.elf.dir/Core/Src/stm32f1xx_it.c.obj
                0x08000b7a                HardFault_Handler
 .text.MemManage_Handler
                0x08000b7c        0x2 CMakeFiles/test3.elf.dir/Core/Src/stm32f1xx_it.c.obj
                0x08000b7c                MemManage_Handler
 .text.BusFault_Handler
                0x08000b7e        0x2 CMakeFiles/test3.elf.dir/Core/Src/stm32f1xx_it.c.obj
                0x08000b7e                BusFault_Handler
 .text.UsageFault_Handler
                0x08000b80        0x2 CMakeFiles/test3.elf.dir/Core/Src/stm32f1xx_it.c.obj
                0x08000b80                UsageFault_Handler
 .text.SVC_Handler
                0x08000b82        0x2 CMakeFiles/test3.elf.dir/Core/Src/stm32f1xx_it.c.obj
                0x08000b82                SVC_Handler
 .text.DebugMon_Handler
                0x08000b84        0x2 CMakeFiles/test3.elf.dir/Core/Src/stm32f1xx_it.c.obj
                0x08000b84                DebugMon_Handler
 .text.PendSV_Handler
                0x08000b86        0x2 CMakeFiles/test3.elf.dir/Core/Src/stm32f1xx_it.c.obj
                0x08000b86                PendSV_Handler
 .text.SysTick_Handler
                0x08000b88        0x8 CMakeFiles/test3.elf.dir/Core/Src/stm32f1xx_it.c.obj
                0x08000b88                SysTick_Handler
 .text.DMA1_Channel1_IRQHandler
                0x08000b90       0x10 CMakeFiles/test3.elf.dir/Core/Src/stm32f1xx_it.c.obj
                0x08000b90                DMA1_Channel1_IRQHandler
 .text.DMA1_Channel2_IRQHandler
                0x08000ba0       0x10 CMakeFiles/test3.elf.dir/Core/Src/stm32f1xx_it.c.obj
                0x08000ba0                DMA1_Channel2_IRQHandler
 .text.DMA1_Channel3_IRQHandler
                0x08000bb0       0x10 CMakeFiles/test3.elf.dir/Core/Src/stm32f1xx_it.c.obj
                0x08000bb0                DMA1_Channel3_IRQHandler
 .text.DMA1_Channel5_IRQHandler
                0x08000bc0       0x10 CMakeFiles/test3.elf.dir/Core/Src/stm32f1xx_it.c.obj
                0x08000bc0                DMA1_Channel5_IRQHandler
 .text.DMA2_Channel1_IRQHandler
                0x08000bd0       0x10 CMakeFiles/test3.elf.dir/Core/Src/stm32f1xx_it.c.obj
                0x08000bd0                DMA2_Channel1_IRQHandler
 .text.DMA2_Channel4_5_IRQHandler
                0x08000be0       0x10 CMakeFiles/test3.elf.dir/Core/Src/stm32f1xx_it.c.obj
                0x08000be0                DMA2_Channel4_5_IRQHandler
 .text.SystemInit
                0x08000bf0        0x2 CMakeFiles/test3.elf.dir/Core/Src/system_stm32f1xx.c.obj
                0x08000bf0                SystemInit
 *fill*         0x08000bf2        0x2 
 .text.HAL_TIM_Base_MspInit
                0x08000bf4      0x244 CMakeFiles/test3.elf.dir/Core/Src/tim.c.obj
                0x08000bf4                HAL_TIM_Base_MspInit
 .text.HAL_TIM_MspPostInit
                0x08000e38      0x16c CMakeFiles/test3.elf.dir/Core/Src/tim.c.obj
                0x08000e38                HAL_TIM_MspPostInit
 .text.MX_TIM1_Init
                0x08000fa4       0xe4 CMakeFiles/test3.elf.dir/Core/Src/tim.c.obj
                0x08000fa4                MX_TIM1_Init
 .text.MX_TIM2_Init
                0x08001088       0xa8 CMakeFiles/test3.elf.dir/Core/Src/tim.c.obj
                0x08001088                MX_TIM2_Init
 .text.MX_TIM3_Init
                0x08001130       0xac CMakeFiles/test3.elf.dir/Core/Src/tim.c.obj
                0x08001130                MX_TIM3_Init
 .text.MX_TIM4_Init
                0x080011dc       0xa8 CMakeFiles/test3.elf.dir/Core/Src/tim.c.obj
                0x080011dc                MX_TIM4_Init
 .text.MX_TIM5_Init
                0x08001284       0xa8 CMakeFiles/test3.elf.dir/Core/Src/tim.c.obj
                0x08001284                MX_TIM5_Init
 .text.MX_TIM8_Init
                0x0800132c       0xe4 CMakeFiles/test3.elf.dir/Core/Src/tim.c.obj
                0x0800132c                MX_TIM8_Init
 .text.HAL_Init
                0x08001410       0x24 CMakeFiles/test3.elf.dir/Drivers/STM32F1xx_HAL_Driver/Src/stm32f1xx_hal.c.obj
                0x08001410                HAL_Init
 .text.HAL_IncTick
                0x08001434       0x18 CMakeFiles/test3.elf.dir/Drivers/STM32F1xx_HAL_Driver/Src/stm32f1xx_hal.c.obj
                0x08001434                HAL_IncTick
 .text.HAL_GetTick
                0x0800144c        0xc CMakeFiles/test3.elf.dir/Drivers/STM32F1xx_HAL_Driver/Src/stm32f1xx_hal.c.obj
                0x0800144c                HAL_GetTick
 .text.HAL_Delay
                0x08001458       0x28 CMakeFiles/test3.elf.dir/Drivers/STM32F1xx_HAL_Driver/Src/stm32f1xx_hal.c.obj
                0x08001458                HAL_Delay
 .text.HAL_NVIC_SetPriorityGrouping
                0x08001480       0x24 CMakeFiles/test3.elf.dir/Drivers/STM32F1xx_HAL_Driver/Src/stm32f1xx_hal_cortex.c.obj
                0x08001480                HAL_NVIC_SetPriorityGrouping
 .text.HAL_NVIC_SetPriority
                0x080014a4       0x70 CMakeFiles/test3.elf.dir/Drivers/STM32F1xx_HAL_Driver/Src/stm32f1xx_hal_cortex.c.obj
                0x080014a4                HAL_NVIC_SetPriority
 .text.HAL_NVIC_EnableIRQ
                0x08001514       0x1c CMakeFiles/test3.elf.dir/Drivers/STM32F1xx_HAL_Driver/Src/stm32f1xx_hal_cortex.c.obj
                0x08001514                HAL_NVIC_EnableIRQ
 .text.DMA_SetConfig
                0x08001530       0x2c CMakeFiles/test3.elf.dir/Drivers/STM32F1xx_HAL_Driver/Src/stm32f1xx_hal_dma.c.obj
 .text.HAL_DMA_Init
                0x0800155c       0x98 CMakeFiles/test3.elf.dir/Drivers/STM32F1xx_HAL_Driver/Src/stm32f1xx_hal_dma.c.obj
                0x0800155c                HAL_DMA_Init
 .text.HAL_DMA_Start_IT
                0x080015f4       0x74 CMakeFiles/test3.elf.dir/Drivers/STM32F1xx_HAL_Driver/Src/stm32f1xx_hal_dma.c.obj
                0x080015f4                HAL_DMA_Start_IT
 .text.HAL_DMA_Abort_IT
                0x08001668      0x168 CMakeFiles/test3.elf.dir/Drivers/STM32F1xx_HAL_Driver/Src/stm32f1xx_hal_dma.c.obj
                0x08001668                HAL_DMA_Abort_IT
 .text.HAL_DMA_IRQHandler
                0x080017d0      0x2ec CMakeFiles/test3.elf.dir/Drivers/STM32F1xx_HAL_Driver/Src/stm32f1xx_hal_dma.c.obj
                0x080017d0                HAL_DMA_IRQHandler
 .text.HAL_GPIO_Init
                0x08001abc      0x240 CMakeFiles/test3.elf.dir/Drivers/STM32F1xx_HAL_Driver/Src/stm32f1xx_hal_gpio.c.obj
                0x08001abc                HAL_GPIO_Init
 .text.HAL_GPIO_ReadPin
                0x08001cfc        0xe CMakeFiles/test3.elf.dir/Drivers/STM32F1xx_HAL_Driver/Src/stm32f1xx_hal_gpio.c.obj
                0x08001cfc                HAL_GPIO_ReadPin
 *fill*         0x08001d0a        0x2 
 .text.RCC_Delay
                0x08001d0c       0x2c CMakeFiles/test3.elf.dir/Drivers/STM32F1xx_HAL_Driver/Src/stm32f1xx_hal_rcc.c.obj
 .text.HAL_RCC_OscConfig
                0x08001d38      0x410 CMakeFiles/test3.elf.dir/Drivers/STM32F1xx_HAL_Driver/Src/stm32f1xx_hal_rcc.c.obj
                0x08001d38                HAL_RCC_OscConfig
 .text.HAL_RCC_GetSysClockFreq
                0x08002148       0x70 CMakeFiles/test3.elf.dir/Drivers/STM32F1xx_HAL_Driver/Src/stm32f1xx_hal_rcc.c.obj
                0x08002148                HAL_RCC_GetSysClockFreq
 .text.HAL_RCC_ClockConfig
                0x080021b8      0x16c CMakeFiles/test3.elf.dir/Drivers/STM32F1xx_HAL_Driver/Src/stm32f1xx_hal_rcc.c.obj
                0x080021b8                HAL_RCC_ClockConfig
 .text.HAL_RCC_GetHCLKFreq
                0x08002324        0xc CMakeFiles/test3.elf.dir/Drivers/STM32F1xx_HAL_Driver/Src/stm32f1xx_hal_rcc.c.obj
                0x08002324                HAL_RCC_GetHCLKFreq
 .text.HAL_RCC_GetPCLK1Freq
                0x08002330       0x20 CMakeFiles/test3.elf.dir/Drivers/STM32F1xx_HAL_Driver/Src/stm32f1xx_hal_rcc.c.obj
                0x08002330                HAL_RCC_GetPCLK1Freq
 .text.HAL_RCC_GetClockConfig
                0x08002350       0x3c CMakeFiles/test3.elf.dir/Drivers/STM32F1xx_HAL_Driver/Src/stm32f1xx_hal_rcc.c.obj
                0x08002350                HAL_RCC_GetClockConfig
 .text.TIM_OC1_SetConfig
                0x0800238c       0x68 CMakeFiles/test3.elf.dir/Drivers/STM32F1xx_HAL_Driver/Src/stm32f1xx_hal_tim.c.obj
 .text.TIM_OC3_SetConfig
                0x080023f4       0x70 CMakeFiles/test3.elf.dir/Drivers/STM32F1xx_HAL_Driver/Src/stm32f1xx_hal_tim.c.obj
 .text.TIM_OC4_SetConfig
                0x08002464       0x50 CMakeFiles/test3.elf.dir/Drivers/STM32F1xx_HAL_Driver/Src/stm32f1xx_hal_tim.c.obj
 .text.TIM_TI1_ConfigInputStage
                0x080024b4       0x24 CMakeFiles/test3.elf.dir/Drivers/STM32F1xx_HAL_Driver/Src/stm32f1xx_hal_tim.c.obj
 .text.TIM_TI2_ConfigInputStage
                0x080024d8       0x26 CMakeFiles/test3.elf.dir/Drivers/STM32F1xx_HAL_Driver/Src/stm32f1xx_hal_tim.c.obj
 .text.TIM_ITRx_SetConfig
                0x080024fe       0x10 CMakeFiles/test3.elf.dir/Drivers/STM32F1xx_HAL_Driver/Src/stm32f1xx_hal_tim.c.obj
 *fill*         0x0800250e        0x2 
 .text.HAL_TIM_Base_Start_IT
                0x08002510       0x78 CMakeFiles/test3.elf.dir/Drivers/STM32F1xx_HAL_Driver/Src/stm32f1xx_hal_tim.c.obj
                0x08002510                HAL_TIM_Base_Start_IT
 .text.HAL_TIM_PWM_MspInit
                0x08002588        0x2 CMakeFiles/test3.elf.dir/Drivers/STM32F1xx_HAL_Driver/Src/stm32f1xx_hal_tim.c.obj
                0x08002588                HAL_TIM_PWM_MspInit
 .text.TIM_DMADelayPulseCplt
                0x0800258a       0x70 CMakeFiles/test3.elf.dir/Drivers/STM32F1xx_HAL_Driver/Src/stm32f1xx_hal_tim.c.obj
 .text.HAL_TIM_PWM_PulseFinishedHalfCpltCallback
                0x080025fa        0x2 CMakeFiles/test3.elf.dir/Drivers/STM32F1xx_HAL_Driver/Src/stm32f1xx_hal_tim.c.obj
                0x080025fa                HAL_TIM_PWM_PulseFinishedHalfCpltCallback
 .text.TIM_DMADelayPulseHalfCplt
                0x080025fc       0x3e CMakeFiles/test3.elf.dir/Drivers/STM32F1xx_HAL_Driver/Src/stm32f1xx_hal_tim.c.obj
                0x080025fc                TIM_DMADelayPulseHalfCplt
 .text.HAL_TIM_ErrorCallback
                0x0800263a        0x2 CMakeFiles/test3.elf.dir/Drivers/STM32F1xx_HAL_Driver/Src/stm32f1xx_hal_tim.c.obj
                0x0800263a                HAL_TIM_ErrorCallback
 .text.TIM_DMAError
                0x0800263c       0x5c CMakeFiles/test3.elf.dir/Drivers/STM32F1xx_HAL_Driver/Src/stm32f1xx_hal_tim.c.obj
                0x0800263c                TIM_DMAError
 .text.TIM_Base_SetConfig
                0x08002698       0x98 CMakeFiles/test3.elf.dir/Drivers/STM32F1xx_HAL_Driver/Src/stm32f1xx_hal_tim.c.obj
                0x08002698                TIM_Base_SetConfig
 .text.HAL_TIM_Base_Init
                0x08002730       0x58 CMakeFiles/test3.elf.dir/Drivers/STM32F1xx_HAL_Driver/Src/stm32f1xx_hal_tim.c.obj
                0x08002730                HAL_TIM_Base_Init
 .text.HAL_TIM_PWM_Init
                0x08002788       0x58 CMakeFiles/test3.elf.dir/Drivers/STM32F1xx_HAL_Driver/Src/stm32f1xx_hal_tim.c.obj
                0x08002788                HAL_TIM_PWM_Init
 .text.TIM_OC2_SetConfig
                0x080027e0       0x70 CMakeFiles/test3.elf.dir/Drivers/STM32F1xx_HAL_Driver/Src/stm32f1xx_hal_tim.c.obj
                0x080027e0                TIM_OC2_SetConfig
 .text.HAL_TIM_PWM_ConfigChannel
                0x08002850       0xd0 CMakeFiles/test3.elf.dir/Drivers/STM32F1xx_HAL_Driver/Src/stm32f1xx_hal_tim.c.obj
                0x08002850                HAL_TIM_PWM_ConfigChannel
 .text.TIM_ETR_SetConfig
                0x08002920       0x18 CMakeFiles/test3.elf.dir/Drivers/STM32F1xx_HAL_Driver/Src/stm32f1xx_hal_tim.c.obj
                0x08002920                TIM_ETR_SetConfig
 .text.HAL_TIM_ConfigClockSource
                0x08002938       0xda CMakeFiles/test3.elf.dir/Drivers/STM32F1xx_HAL_Driver/Src/stm32f1xx_hal_tim.c.obj
                0x08002938                HAL_TIM_ConfigClockSource
 .text.TIM_CCxChannelCmd
                0x08002a12       0x1e CMakeFiles/test3.elf.dir/Drivers/STM32F1xx_HAL_Driver/Src/stm32f1xx_hal_tim.c.obj
                0x08002a12                TIM_CCxChannelCmd
 .text.HAL_TIM_PWM_Start_DMA
                0x08002a30      0x254 CMakeFiles/test3.elf.dir/Drivers/STM32F1xx_HAL_Driver/Src/stm32f1xx_hal_tim.c.obj
                0x08002a30                HAL_TIM_PWM_Start_DMA
 .text.HAL_TIM_PWM_Stop_DMA
                0x08002c84       0xec CMakeFiles/test3.elf.dir/Drivers/STM32F1xx_HAL_Driver/Src/stm32f1xx_hal_tim.c.obj
                0x08002c84                HAL_TIM_PWM_Stop_DMA
 .text.HAL_TIMEx_MasterConfigSynchronization
                0x08002d70       0x7c CMakeFiles/test3.elf.dir/Drivers/STM32F1xx_HAL_Driver/Src/stm32f1xx_hal_tim_ex.c.obj
                0x08002d70                HAL_TIMEx_MasterConfigSynchronization
 .text.HAL_TIMEx_ConfigBreakDeadTime
                0x08002dec       0x52 CMakeFiles/test3.elf.dir/Drivers/STM32F1xx_HAL_Driver/Src/stm32f1xx_hal_tim_ex.c.obj
                0x08002dec                HAL_TIMEx_ConfigBreakDeadTime
 *fill*         0x08002e3e        0x2 
 .text.Reset_Handler
                0x08002e40       0x48 CMakeFiles/test3.elf.dir/startup/startup_stm32f103xe.s.obj
                0x08002e40                Reset_Handler
 .text.Default_Handler
                0x08002e88        0x2 CMakeFiles/test3.elf.dir/startup/startup_stm32f103xe.s.obj
                0x08002e88                RTC_Alarm_IRQHandler
                0x08002e88                EXTI2_IRQHandler
                0x08002e88                TIM8_TRG_COM_IRQHandler
                0x08002e88                TIM8_CC_IRQHandler
                0x08002e88                TIM1_CC_IRQHandler
                0x08002e88                TIM6_IRQHandler
                0x08002e88                PVD_IRQHandler
                0x08002e88                SDIO_IRQHandler
                0x08002e88                EXTI3_IRQHandler
                0x08002e88                EXTI0_IRQHandler
                0x08002e88                I2C2_EV_IRQHandler
                0x08002e88                ADC1_2_IRQHandler
                0x08002e88                SPI1_IRQHandler
                0x08002e88                TAMPER_IRQHandler
                0x08002e88                TIM8_UP_IRQHandler
                0x08002e88                DMA2_Channel2_IRQHandler
                0x08002e88                DMA1_Channel4_IRQHandler
                0x08002e88                USART3_IRQHandler
                0x08002e88                RTC_IRQHandler
                0x08002e88                DMA1_Channel7_IRQHandler
                0x08002e88                CAN1_RX1_IRQHandler
                0x08002e88                UART5_IRQHandler
                0x08002e88                ADC3_IRQHandler
                0x08002e88                TIM4_IRQHandler
                0x08002e88                I2C1_EV_IRQHandler
                0x08002e88                DMA1_Channel6_IRQHandler
                0x08002e88                UART4_IRQHandler
                0x08002e88                TIM3_IRQHandler
                0x08002e88                RCC_IRQHandler
                0x08002e88                TIM1_TRG_COM_IRQHandler
                0x08002e88                Default_Handler
                0x08002e88                EXTI15_10_IRQHandler
                0x08002e88                TIM7_IRQHandler
                0x08002e88                TIM5_IRQHandler
                0x08002e88                EXTI9_5_IRQHandler
                0x08002e88                SPI2_IRQHandler
                0x08002e88                EXTI4_IRQHandler
                0x08002e88                USB_LP_CAN1_RX0_IRQHandler
                0x08002e88                USB_HP_CAN1_TX_IRQHandler
                0x08002e88                FSMC_IRQHandler
                0x08002e88                TIM1_UP_IRQHandler
                0x08002e88                WWDG_IRQHandler
                0x08002e88                TIM2_IRQHandler
                0x08002e88                TIM1_BRK_IRQHandler
                0x08002e88                EXTI1_IRQHandler
                0x08002e88                USART2_IRQHandler
                0x08002e88                I2C2_ER_IRQHandler
                0x08002e88                TIM8_BRK_IRQHandler
                0x08002e88                CAN1_SCE_IRQHandler
                0x08002e88                FLASH_IRQHandler
                0x08002e88                USART1_IRQHandler
                0x08002e88                SPI3_IRQHandler
                0x08002e88                I2C1_ER_IRQHandler
                0x08002e88                USBWakeUp_IRQHandler
                0x08002e88                DMA2_Channel3_IRQHandler
 *fill*         0x08002e8a        0x2 
 .text.__libc_init_array
                0x08002e8c       0x48 c:/progra~2/gnuarm~1/102021~1.10/bin/../lib/gcc/arm-none-eabi/10.3.1/../../../../arm-none-eabi/lib/thumb/v7-m/nofp\libg.a(lib_a-init.o)
                0x08002e8c                __libc_init_array
 .text.memset   0x08002ed4       0xa4 c:/progra~2/gnuarm~1/102021~1.10/bin/../lib/gcc/arm-none-eabi/10.3.1/../../../../arm-none-eabi/lib/thumb/v7-m/nofp\libg.a(lib_a-memset.o)
                0x08002ed4                memset
 .text.startup.register_fini
                0x08002f78       0x14 c:/progra~2/gnuarm~1/102021~1.10/bin/../lib/gcc/arm-none-eabi/10.3.1/../../../../arm-none-eabi/lib/thumb/v7-m/nofp\libg.a(lib_a-__call_atexit.o)
 .text.atexit   0x08002f8c        0xc c:/progra~2/gnuarm~1/102021~1.10/bin/../lib/gcc/arm-none-eabi/10.3.1/../../../../arm-none-eabi/lib/thumb/v7-m/nofp\libg.a(lib_a-atexit.o)
                0x08002f8c                atexit
 .text.__libc_fini_array
                0x08002f98       0x2c c:/progra~2/gnuarm~1/102021~1.10/bin/../lib/gcc/arm-none-eabi/10.3.1/../../../../arm-none-eabi/lib/thumb/v7-m/nofp\libg.a(lib_a-fini.o)
                0x08002f98                __libc_fini_array
 .text.__retarget_lock_acquire_recursive
                0x08002fc4        0x4 c:/progra~2/gnuarm~1/102021~1.10/bin/../lib/gcc/arm-none-eabi/10.3.1/../../../../arm-none-eabi/lib/thumb/v7-m/nofp\libg.a(lib_a-lock.o)
                0x08002fc4                __retarget_lock_acquire_recursive
 .text.__retarget_lock_release_recursive
                0x08002fc8        0x4 c:/progra~2/gnuarm~1/102021~1.10/bin/../lib/gcc/arm-none-eabi/10.3.1/../../../../arm-none-eabi/lib/thumb/v7-m/nofp\libg.a(lib_a-lock.o)
                0x08002fc8                __retarget_lock_release_recursive
 .text.__register_exitproc
                0x08002fcc       0x8c c:/progra~2/gnuarm~1/102021~1.10/bin/../lib/gcc/arm-none-eabi/10.3.1/../../../../arm-none-eabi/lib/thumb/v7-m/nofp\libg.a(lib_a-__atexit.o)
                0x08002fcc                __register_exitproc
 *(.glue_7)
 .glue_7        0x08003058        0x0 linker stubs
 *(.glue_7t)
 .glue_7t       0x08003058        0x0 linker stubs
 *(.eh_frame)
 .eh_frame      0x08003058        0x0 c:/progra~2/gnuarm~1/102021~1.10/bin/../lib/gcc/arm-none-eabi/10.3.1/thumb/v7-m/nofp/crtbegin.o
 *(.init)
 .init          0x08003058        0x4 c:/progra~2/gnuarm~1/102021~1.10/bin/../lib/gcc/arm-none-eabi/10.3.1/thumb/v7-m/nofp/crti.o
                0x08003058                _init
 .init          0x0800305c        0x8 c:/progra~2/gnuarm~1/102021~1.10/bin/../lib/gcc/arm-none-eabi/10.3.1/thumb/v7-m/nofp/crtn.o
 *(.fini)
 .fini          0x08003064        0x4 c:/progra~2/gnuarm~1/102021~1.10/bin/../lib/gcc/arm-none-eabi/10.3.1/thumb/v7-m/nofp/crti.o
                0x08003064                _fini
 .fini          0x08003068        0x8 c:/progra~2/gnuarm~1/102021~1.10/bin/../lib/gcc/arm-none-eabi/10.3.1/thumb/v7-m/nofp/crtn.o
                0x08003070                . = ALIGN (0x4)
                0x08003070                _etext = .

.vfp11_veneer   0x08003070        0x0
 .vfp11_veneer  0x08003070        0x0 linker stubs

.v4_bx          0x08003070        0x0
 .v4_bx         0x08003070        0x0 linker stubs

.iplt           0x08003070        0x0
 .iplt          0x08003070        0x0 c:/progra~2/gnuarm~1/102021~1.10/bin/../lib/gcc/arm-none-eabi/10.3.1/thumb/v7-m/nofp/crtbegin.o

.rodata         0x08003070       0x38
                0x08003070                . = ALIGN (0x4)
 *(.rodata)
 .rodata        0x08003070        0x6 CMakeFiles/test3.elf.dir/ContrlSys/ctr.c.obj
 *(.rodata*)
 *fill*         0x08003076        0x2 
 .rodata.AHBPrescTable
                0x08003078       0x10 CMakeFiles/test3.elf.dir/Core/Src/system_stm32f1xx.c.obj
                0x08003078                AHBPrescTable
 .rodata.APBPrescTable
                0x08003088        0x8 CMakeFiles/test3.elf.dir/Core/Src/system_stm32f1xx.c.obj
                0x08003088                APBPrescTable
 .rodata.HAL_RCC_GetSysClockFreq.str1.4
                0x08003090       0x11 CMakeFiles/test3.elf.dir/Drivers/STM32F1xx_HAL_Driver/Src/stm32f1xx_hal_rcc.c.obj
 *fill*         0x080030a1        0x3 
 .rodata._global_impure_ptr
                0x080030a4        0x4 c:/progra~2/gnuarm~1/102021~1.10/bin/../lib/gcc/arm-none-eabi/10.3.1/../../../../arm-none-eabi/lib/thumb/v7-m/nofp\libg.a(lib_a-impure.o)
                0x080030a4                _global_impure_ptr
                0x080030a8                . = ALIGN (0x4)

.rel.dyn        0x080030a8        0x0
 .rel.iplt      0x080030a8        0x0 c:/progra~2/gnuarm~1/102021~1.10/bin/../lib/gcc/arm-none-eabi/10.3.1/thumb/v7-m/nofp/crtbegin.o

.ARM.extab
 *(.ARM.extab* .gnu.linkonce.armextab.*)

.ARM            0x080030a8        0x0
                0x080030a8                __exidx_start = .
 *(.ARM.exidx*)
                0x080030a8                __exidx_end = .

.preinit_array  0x080030a8        0x0
                0x080030a8                PROVIDE (__preinit_array_start = .)
 *(.preinit_array*)
                0x080030a8                PROVIDE (__preinit_array_end = .)

.init_array     0x080030a8        0x8
                0x080030a8                PROVIDE (__init_array_start = .)
 *(SORT_BY_NAME(.init_array.*))
 .init_array.00000
                0x080030a8        0x4 c:/progra~2/gnuarm~1/102021~1.10/bin/../lib/gcc/arm-none-eabi/10.3.1/../../../../arm-none-eabi/lib/thumb/v7-m/nofp\libg.a(lib_a-__call_atexit.o)
 *(.init_array*)
 .init_array    0x080030ac        0x4 c:/progra~2/gnuarm~1/102021~1.10/bin/../lib/gcc/arm-none-eabi/10.3.1/thumb/v7-m/nofp/crtbegin.o
                0x080030b0                PROVIDE (__init_array_end = .)

.fini_array     0x080030b0        0x4
                0x080030b0                PROVIDE (__fini_array_start = .)
 *(SORT_BY_NAME(.fini_array.*))
 *(.fini_array*)
 .fini_array    0x080030b0        0x4 c:/progra~2/gnuarm~1/102021~1.10/bin/../lib/gcc/arm-none-eabi/10.3.1/thumb/v7-m/nofp/crtbegin.o
                0x080030b4                PROVIDE (__fini_array_end = .)
                0x080030b4                _sidata = LOADADDR (.data)

.data           0x20000000      0x49c load address 0x080030b4
                0x20000000                . = ALIGN (0x4)
                0x20000000                _sdata = .
 *(.data)
 *(.data*)
 .data.ESfanChannelList1
                0x20000000        0x6 CMakeFiles/test3.elf.dir/BSP/WS2812.c.obj
                0x20000000                ESfanChannelList1
 *fill*         0x20000006        0x2 
 .data.ESfanTimList1
                0x20000008       0x18 CMakeFiles/test3.elf.dir/BSP/WS2812.c.obj
                0x20000008                ESfanTimList1
 .data.ESfanChannelList
                0x20000020        0x6 CMakeFiles/test3.elf.dir/ContrlSys/ctr.c.obj
                0x20000020                ESfanChannelList
 *fill*         0x20000026        0x2 
 .data.ESfanTimList
                0x20000028       0x18 CMakeFiles/test3.elf.dir/ContrlSys/ctr.c.obj
                0x20000028                ESfanTimList
 .data.arrows   0x20000040       0x15 CMakeFiles/test3.elf.dir/ContrlSys/ctr.c.obj
                0x20000040                arrows
 *fill*         0x20000055        0x3 
 .data.RGB1     0x20000058        0x4 CMakeFiles/test3.elf.dir/Core/Src/main.c.obj
                0x20000058                RGB1
 .data.Step     0x2000005c        0x4 CMakeFiles/test3.elf.dir/Core/Src/main.c.obj
                0x2000005c                Step
 .data.SystemCoreClock
                0x20000060        0x4 CMakeFiles/test3.elf.dir/Core/Src/system_stm32f1xx.c.obj
                0x20000060                SystemCoreClock
 .data.uwTickFreq
                0x20000064        0x1 CMakeFiles/test3.elf.dir/Drivers/STM32F1xx_HAL_Driver/Src/stm32f1xx_hal.c.obj
                0x20000064                uwTickFreq
 *fill*         0x20000065        0x3 
 .data.uwTickPrio
                0x20000068        0x4 CMakeFiles/test3.elf.dir/Drivers/STM32F1xx_HAL_Driver/Src/stm32f1xx_hal.c.obj
                0x20000068                uwTickPrio
 *fill*         0x2000006c        0x4 
 .data.impure_data
                0x20000070      0x428 c:/progra~2/gnuarm~1/102021~1.10/bin/../lib/gcc/arm-none-eabi/10.3.1/../../../../arm-none-eabi/lib/thumb/v7-m/nofp\libg.a(lib_a-impure.o)
 .data.__atexit_recursive_mutex
                0x20000498        0x4 c:/progra~2/gnuarm~1/102021~1.10/bin/../lib/gcc/arm-none-eabi/10.3.1/../../../../arm-none-eabi/lib/thumb/v7-m/nofp\libg.a(lib_a-__call_atexit.o)
                0x20000498                __atexit_recursive_mutex
                0x2000049c                . = ALIGN (0x4)
                0x2000049c                _edata = .

.igot.plt       0x2000049c        0x0 load address 0x08003550
 .igot.plt      0x2000049c        0x0 c:/progra~2/gnuarm~1/102021~1.10/bin/../lib/gcc/arm-none-eabi/10.3.1/thumb/v7-m/nofp/crtbegin.o
                0x2000049c                . = ALIGN (0x4)

.bss            0x2000049c     0xa0d8 load address 0x08003550
                0x2000049c                _sbss = .
                0x2000049c                __bss_start__ = _sbss
 *(.bss)
 .bss           0x2000049c       0x1c c:/progra~2/gnuarm~1/102021~1.10/bin/../lib/gcc/arm-none-eabi/10.3.1/thumb/v7-m/nofp/crtbegin.o
 *(.bss*)
 .bss.WS2812B_Bit
                0x200004b8     0x9664 CMakeFiles/test3.elf.dir/BSP/WS2812.c.obj
                0x200004b8                WS2812B_Bit
 .bss.WS2812B_Buf
                0x20009b1c      0x644 CMakeFiles/test3.elf.dir/BSP/WS2812.c.obj
                0x20009b1c                WS2812B_Buf
 .bss.ES        0x2000a160       0x64 CMakeFiles/test3.elf.dir/ContrlSys/ctr.c.obj
                0x2000a160                ES
 .bss.flag_flow
                0x2000a1c4        0x4 CMakeFiles/test3.elf.dir/ContrlSys/ctr.c.obj
                0x2000a1c4                flag_flow
 .bss.vibra_flag
                0x2000a1c8       0x14 CMakeFiles/test3.elf.dir/ContrlSys/vibra.c.obj
                0x2000a1c8                vibra_flag
 .bss.htim6     0x2000a1dc       0x48 CMakeFiles/test3.elf.dir/Core/Src/stm32f1xx_hal_timebase_tim.c.obj
                0x2000a1dc                htim6
 .bss.hdma_tim1_ch1
                0x2000a224       0x44 CMakeFiles/test3.elf.dir/Core/Src/tim.c.obj
                0x2000a224                hdma_tim1_ch1
 .bss.hdma_tim2_ch1
                0x2000a268       0x44 CMakeFiles/test3.elf.dir/Core/Src/tim.c.obj
                0x2000a268                hdma_tim2_ch1
 .bss.hdma_tim3_ch4_up
                0x2000a2ac       0x44 CMakeFiles/test3.elf.dir/Core/Src/tim.c.obj
                0x2000a2ac                hdma_tim3_ch4_up
 .bss.hdma_tim4_ch1
                0x2000a2f0       0x44 CMakeFiles/test3.elf.dir/Core/Src/tim.c.obj
                0x2000a2f0                hdma_tim4_ch1
 .bss.hdma_tim5_ch1
                0x2000a334       0x44 CMakeFiles/test3.elf.dir/Core/Src/tim.c.obj
                0x2000a334                hdma_tim5_ch1
 .bss.hdma_tim8_ch3_up
                0x2000a378       0x44 CMakeFiles/test3.elf.dir/Core/Src/tim.c.obj
                0x2000a378                hdma_tim8_ch3_up
 .bss.htim1     0x2000a3bc       0x48 CMakeFiles/test3.elf.dir/Core/Src/tim.c.obj
                0x2000a3bc                htim1
 .bss.htim2     0x2000a404       0x48 CMakeFiles/test3.elf.dir/Core/Src/tim.c.obj
                0x2000a404                htim2
 .bss.htim3     0x2000a44c       0x48 CMakeFiles/test3.elf.dir/Core/Src/tim.c.obj
                0x2000a44c                htim3
 .bss.htim4     0x2000a494       0x48 CMakeFiles/test3.elf.dir/Core/Src/tim.c.obj
                0x2000a494                htim4
 .bss.htim5     0x2000a4dc       0x48 CMakeFiles/test3.elf.dir/Core/Src/tim.c.obj
                0x2000a4dc                htim5
 .bss.htim8     0x2000a524       0x48 CMakeFiles/test3.elf.dir/Core/Src/tim.c.obj
                0x2000a524                htim8
 .bss.uwTick    0x2000a56c        0x4 CMakeFiles/test3.elf.dir/Drivers/STM32F1xx_HAL_Driver/Src/stm32f1xx_hal.c.obj
                0x2000a56c                uwTick
 .bss.__lock___atexit_recursive_mutex
                0x2000a570        0x1 c:/progra~2/gnuarm~1/102021~1.10/bin/../lib/gcc/arm-none-eabi/10.3.1/../../../../arm-none-eabi/lib/thumb/v7-m/nofp\libg.a(lib_a-lock.o)
                0x2000a570                __lock___atexit_recursive_mutex
 *(COMMON)
                0x2000a574                . = ALIGN (0x4)
 *fill*         0x2000a571        0x3 
                0x2000a574                _ebss = .
                0x2000a574                __bss_end__ = _ebss

._user_heap_stack
                0x2000a574      0x904 load address 0x08003550
                0x2000a578                . = ALIGN (0x8)
 *fill*         0x2000a574        0x4 
                0x2000a578                PROVIDE (end = .)
                [!provide]                PROVIDE (_end = .)
                0x2000a978                . = (. + _Min_Heap_Size)
 *fill*         0x2000a578      0x400 
                0x2000ae78                . = (. + _Min_Stack_Size)
 *fill*         0x2000a978      0x500 
                0x2000ae78                . = ALIGN (0x8)

/DISCARD/
 libc.a(*)
 libm.a(*)
 libgcc.a(*)

.ARM.attributes
                0x00000000       0x29
 *(.ARM.attributes)
 .ARM.attributes
                0x00000000       0x1d c:/progra~2/gnuarm~1/102021~1.10/bin/../lib/gcc/arm-none-eabi/10.3.1/thumb/v7-m/nofp/crti.o
 .ARM.attributes
                0x0000001d       0x2d c:/progra~2/gnuarm~1/102021~1.10/bin/../lib/gcc/arm-none-eabi/10.3.1/thumb/v7-m/nofp/crtbegin.o
 .ARM.attributes
                0x0000004a       0x2d CMakeFiles/test3.elf.dir/BSP/WS2812.c.obj
 .ARM.attributes
                0x00000077       0x2d CMakeFiles/test3.elf.dir/ContrlSys/ctr.c.obj
 .ARM.attributes
                0x000000a4       0x2d CMakeFiles/test3.elf.dir/ContrlSys/vibra.c.obj
 .ARM.attributes
                0x000000d1       0x2d CMakeFiles/test3.elf.dir/Core/Src/dma.c.obj
 .ARM.attributes
                0x000000fe       0x2d CMakeFiles/test3.elf.dir/Core/Src/gpio.c.obj
 .ARM.attributes
                0x0000012b       0x2d CMakeFiles/test3.elf.dir/Core/Src/main.c.obj
 .ARM.attributes
                0x00000158       0x2d CMakeFiles/test3.elf.dir/Core/Src/stm32f1xx_hal_msp.c.obj
 .ARM.attributes
                0x00000185       0x2d CMakeFiles/test3.elf.dir/Core/Src/stm32f1xx_hal_timebase_tim.c.obj
 .ARM.attributes
                0x000001b2       0x2d CMakeFiles/test3.elf.dir/Core/Src/stm32f1xx_it.c.obj
 .ARM.attributes
                0x000001df       0x2d CMakeFiles/test3.elf.dir/Core/Src/system_stm32f1xx.c.obj
 .ARM.attributes
                0x0000020c       0x2d CMakeFiles/test3.elf.dir/Core/Src/tim.c.obj
 .ARM.attributes
                0x00000239       0x2d CMakeFiles/test3.elf.dir/Drivers/STM32F1xx_HAL_Driver/Src/stm32f1xx_hal.c.obj
 .ARM.attributes
                0x00000266       0x2d CMakeFiles/test3.elf.dir/Drivers/STM32F1xx_HAL_Driver/Src/stm32f1xx_hal_cortex.c.obj
 .ARM.attributes
                0x00000293       0x2d CMakeFiles/test3.elf.dir/Drivers/STM32F1xx_HAL_Driver/Src/stm32f1xx_hal_dma.c.obj
 .ARM.attributes
                0x000002c0       0x2d CMakeFiles/test3.elf.dir/Drivers/STM32F1xx_HAL_Driver/Src/stm32f1xx_hal_gpio.c.obj
 .ARM.attributes
                0x000002ed       0x2d CMakeFiles/test3.elf.dir/Drivers/STM32F1xx_HAL_Driver/Src/stm32f1xx_hal_rcc.c.obj
 .ARM.attributes
                0x0000031a       0x2d CMakeFiles/test3.elf.dir/Drivers/STM32F1xx_HAL_Driver/Src/stm32f1xx_hal_tim.c.obj
 .ARM.attributes
                0x00000347       0x2d CMakeFiles/test3.elf.dir/Drivers/STM32F1xx_HAL_Driver/Src/stm32f1xx_hal_tim_ex.c.obj
 .ARM.attributes
                0x00000374       0x21 CMakeFiles/test3.elf.dir/startup/startup_stm32f103xe.s.obj
 .ARM.attributes
                0x00000395       0x2d c:/progra~2/gnuarm~1/102021~1.10/bin/../lib/gcc/arm-none-eabi/10.3.1/../../../../arm-none-eabi/lib/thumb/v7-m/nofp\libg.a(lib_a-impure.o)
 .ARM.attributes
                0x000003c2       0x2d c:/progra~2/gnuarm~1/102021~1.10/bin/../lib/gcc/arm-none-eabi/10.3.1/../../../../arm-none-eabi/lib/thumb/v7-m/nofp\libg.a(lib_a-init.o)
 .ARM.attributes
                0x000003ef       0x2d c:/progra~2/gnuarm~1/102021~1.10/bin/../lib/gcc/arm-none-eabi/10.3.1/../../../../arm-none-eabi/lib/thumb/v7-m/nofp\libg.a(lib_a-memset.o)
 .ARM.attributes
                0x0000041c       0x2d c:/progra~2/gnuarm~1/102021~1.10/bin/../lib/gcc/arm-none-eabi/10.3.1/../../../../arm-none-eabi/lib/thumb/v7-m/nofp\libg.a(lib_a-__call_atexit.o)
 .ARM.attributes
                0x00000449       0x2d c:/progra~2/gnuarm~1/102021~1.10/bin/../lib/gcc/arm-none-eabi/10.3.1/../../../../arm-none-eabi/lib/thumb/v7-m/nofp\libg.a(lib_a-atexit.o)
 .ARM.attributes
                0x00000476       0x2d c:/progra~2/gnuarm~1/102021~1.10/bin/../lib/gcc/arm-none-eabi/10.3.1/../../../../arm-none-eabi/lib/thumb/v7-m/nofp\libg.a(lib_a-fini.o)
 .ARM.attributes
                0x000004a3       0x2d c:/progra~2/gnuarm~1/102021~1.10/bin/../lib/gcc/arm-none-eabi/10.3.1/../../../../arm-none-eabi/lib/thumb/v7-m/nofp\libg.a(lib_a-lock.o)
 .ARM.attributes
                0x000004d0       0x2d c:/progra~2/gnuarm~1/102021~1.10/bin/../lib/gcc/arm-none-eabi/10.3.1/../../../../arm-none-eabi/lib/thumb/v7-m/nofp\libg.a(lib_a-__atexit.o)
 .ARM.attributes
                0x000004fd       0x1d c:/progra~2/gnuarm~1/102021~1.10/bin/../lib/gcc/arm-none-eabi/10.3.1/thumb/v7-m/nofp/crtn.o
OUTPUT(test3.elf elf32-littlearm)
LOAD linker stubs
LOAD c:/progra~2/gnuarm~1/102021~1.10/bin/../lib/gcc/arm-none-eabi/10.3.1/../../../../arm-none-eabi/lib/thumb/v7-m/nofp\libc.a
LOAD c:/progra~2/gnuarm~1/102021~1.10/bin/../lib/gcc/arm-none-eabi/10.3.1/../../../../arm-none-eabi/lib/thumb/v7-m/nofp\libm.a
LOAD c:/progra~2/gnuarm~1/102021~1.10/bin/../lib/gcc/arm-none-eabi/10.3.1/thumb/v7-m/nofp\libgcc.a

.debug_info     0x00000000     0xdc20
 .debug_info    0x00000000      0xc20 CMakeFiles/test3.elf.dir/BSP/WS2812.c.obj
 .debug_info    0x00000c20     0x1489 CMakeFiles/test3.elf.dir/ContrlSys/ctr.c.obj
 .debug_info    0x000020a9      0x260 CMakeFiles/test3.elf.dir/ContrlSys/vibra.c.obj
 .debug_info    0x00002309      0x46b CMakeFiles/test3.elf.dir/Core/Src/dma.c.obj
 .debug_info    0x00002774      0x2eb CMakeFiles/test3.elf.dir/Core/Src/gpio.c.obj
 .debug_info    0x00002a5f      0x418 CMakeFiles/test3.elf.dir/Core/Src/main.c.obj
 .debug_info    0x00002e77      0x211 CMakeFiles/test3.elf.dir/Core/Src/stm32f1xx_hal_msp.c.obj
 .debug_info    0x00003088      0xab1 CMakeFiles/test3.elf.dir/Core/Src/stm32f1xx_hal_timebase_tim.c.obj
 .debug_info    0x00003b39      0x48e CMakeFiles/test3.elf.dir/Core/Src/stm32f1xx_it.c.obj
 .debug_info    0x00003fc7      0x248 CMakeFiles/test3.elf.dir/Core/Src/system_stm32f1xx.c.obj
 .debug_info    0x0000420f     0x161d CMakeFiles/test3.elf.dir/Core/Src/tim.c.obj
 .debug_info    0x0000582c      0x80e CMakeFiles/test3.elf.dir/Drivers/STM32F1xx_HAL_Driver/Src/stm32f1xx_hal.c.obj
 .debug_info    0x0000603a      0xdf0 CMakeFiles/test3.elf.dir/Drivers/STM32F1xx_HAL_Driver/Src/stm32f1xx_hal_cortex.c.obj
 .debug_info    0x00006e2a      0x846 CMakeFiles/test3.elf.dir/Drivers/STM32F1xx_HAL_Driver/Src/stm32f1xx_hal_dma.c.obj
 .debug_info    0x00007670      0x66f CMakeFiles/test3.elf.dir/Drivers/STM32F1xx_HAL_Driver/Src/stm32f1xx_hal_gpio.c.obj
 .debug_info    0x00007cdf      0xa36 CMakeFiles/test3.elf.dir/Drivers/STM32F1xx_HAL_Driver/Src/stm32f1xx_hal_rcc.c.obj
 .debug_info    0x00008715     0x3b00 CMakeFiles/test3.elf.dir/Drivers/STM32F1xx_HAL_Driver/Src/stm32f1xx_hal_tim.c.obj
 .debug_info    0x0000c215     0x19e9 CMakeFiles/test3.elf.dir/Drivers/STM32F1xx_HAL_Driver/Src/stm32f1xx_hal_tim_ex.c.obj
 .debug_info    0x0000dbfe       0x22 CMakeFiles/test3.elf.dir/startup/startup_stm32f103xe.s.obj

.debug_abbrev   0x00000000     0x2332
 .debug_abbrev  0x00000000      0x2a4 CMakeFiles/test3.elf.dir/BSP/WS2812.c.obj
 .debug_abbrev  0x000002a4      0x376 CMakeFiles/test3.elf.dir/ContrlSys/ctr.c.obj
 .debug_abbrev  0x0000061a      0x149 CMakeFiles/test3.elf.dir/ContrlSys/vibra.c.obj
 .debug_abbrev  0x00000763      0x114 CMakeFiles/test3.elf.dir/Core/Src/dma.c.obj
 .debug_abbrev  0x00000877      0x120 CMakeFiles/test3.elf.dir/Core/Src/gpio.c.obj
 .debug_abbrev  0x00000997      0x175 CMakeFiles/test3.elf.dir/Core/Src/main.c.obj
 .debug_abbrev  0x00000b0c       0xe5 CMakeFiles/test3.elf.dir/Core/Src/stm32f1xx_hal_msp.c.obj
 .debug_abbrev  0x00000bf1      0x1ff CMakeFiles/test3.elf.dir/Core/Src/stm32f1xx_hal_timebase_tim.c.obj
 .debug_abbrev  0x00000df0      0x170 CMakeFiles/test3.elf.dir/Core/Src/stm32f1xx_it.c.obj
 .debug_abbrev  0x00000f60      0x13e CMakeFiles/test3.elf.dir/Core/Src/system_stm32f1xx.c.obj
 .debug_abbrev  0x0000109e      0x24b CMakeFiles/test3.elf.dir/Core/Src/tim.c.obj
 .debug_abbrev  0x000012e9      0x1f4 CMakeFiles/test3.elf.dir/Drivers/STM32F1xx_HAL_Driver/Src/stm32f1xx_hal.c.obj
 .debug_abbrev  0x000014dd      0x341 CMakeFiles/test3.elf.dir/Drivers/STM32F1xx_HAL_Driver/Src/stm32f1xx_hal_cortex.c.obj
 .debug_abbrev  0x0000181e      0x223 CMakeFiles/test3.elf.dir/Drivers/STM32F1xx_HAL_Driver/Src/stm32f1xx_hal_dma.c.obj
 .debug_abbrev  0x00001a41      0x1e6 CMakeFiles/test3.elf.dir/Drivers/STM32F1xx_HAL_Driver/Src/stm32f1xx_hal_gpio.c.obj
 .debug_abbrev  0x00001c27      0x27a CMakeFiles/test3.elf.dir/Drivers/STM32F1xx_HAL_Driver/Src/stm32f1xx_hal_rcc.c.obj
 .debug_abbrev  0x00001ea1      0x23e CMakeFiles/test3.elf.dir/Drivers/STM32F1xx_HAL_Driver/Src/stm32f1xx_hal_tim.c.obj
 .debug_abbrev  0x000020df      0x241 CMakeFiles/test3.elf.dir/Drivers/STM32F1xx_HAL_Driver/Src/stm32f1xx_hal_tim_ex.c.obj
 .debug_abbrev  0x00002320       0x12 CMakeFiles/test3.elf.dir/startup/startup_stm32f103xe.s.obj

.debug_loc      0x00000000     0x8d04
 .debug_loc     0x00000000      0x35b CMakeFiles/test3.elf.dir/BSP/WS2812.c.obj
 .debug_loc     0x0000035b      0x78c CMakeFiles/test3.elf.dir/ContrlSys/ctr.c.obj
 .debug_loc     0x00000ae7       0x30 CMakeFiles/test3.elf.dir/ContrlSys/vibra.c.obj
 .debug_loc     0x00000b17       0x15 CMakeFiles/test3.elf.dir/Core/Src/stm32f1xx_hal_msp.c.obj
 .debug_loc     0x00000b2c      0x10e CMakeFiles/test3.elf.dir/Core/Src/stm32f1xx_hal_timebase_tim.c.obj
 .debug_loc     0x00000c3a       0xff CMakeFiles/test3.elf.dir/Core/Src/system_stm32f1xx.c.obj
 .debug_loc     0x00000d39      0x284 CMakeFiles/test3.elf.dir/Core/Src/tim.c.obj
 .debug_loc     0x00000fbd      0x141 CMakeFiles/test3.elf.dir/Drivers/STM32F1xx_HAL_Driver/Src/stm32f1xx_hal.c.obj
 .debug_loc     0x000010fe      0x71f CMakeFiles/test3.elf.dir/Drivers/STM32F1xx_HAL_Driver/Src/stm32f1xx_hal_cortex.c.obj
 .debug_loc     0x0000181d      0x7ce CMakeFiles/test3.elf.dir/Drivers/STM32F1xx_HAL_Driver/Src/stm32f1xx_hal_dma.c.obj
 .debug_loc     0x00001feb      0x47d CMakeFiles/test3.elf.dir/Drivers/STM32F1xx_HAL_Driver/Src/stm32f1xx_hal_gpio.c.obj
 .debug_loc     0x00002468      0x63e CMakeFiles/test3.elf.dir/Drivers/STM32F1xx_HAL_Driver/Src/stm32f1xx_hal_rcc.c.obj
 .debug_loc     0x00002aa6     0x474c CMakeFiles/test3.elf.dir/Drivers/STM32F1xx_HAL_Driver/Src/stm32f1xx_hal_tim.c.obj
 .debug_loc     0x000071f2     0x1b12 CMakeFiles/test3.elf.dir/Drivers/STM32F1xx_HAL_Driver/Src/stm32f1xx_hal_tim_ex.c.obj

.debug_aranges  0x00000000      0xb40
 .debug_aranges
                0x00000000       0x70 CMakeFiles/test3.elf.dir/BSP/WS2812.c.obj
 .debug_aranges
                0x00000070       0x98 CMakeFiles/test3.elf.dir/ContrlSys/ctr.c.obj
 .debug_aranges
                0x00000108       0x28 CMakeFiles/test3.elf.dir/ContrlSys/vibra.c.obj
 .debug_aranges
                0x00000130       0x20 CMakeFiles/test3.elf.dir/Core/Src/dma.c.obj
 .debug_aranges
                0x00000150       0x20 CMakeFiles/test3.elf.dir/Core/Src/gpio.c.obj
 .debug_aranges
                0x00000170       0x30 CMakeFiles/test3.elf.dir/Core/Src/main.c.obj
 .debug_aranges
                0x000001a0       0x20 CMakeFiles/test3.elf.dir/Core/Src/stm32f1xx_hal_msp.c.obj
 .debug_aranges
                0x000001c0       0x30 CMakeFiles/test3.elf.dir/Core/Src/stm32f1xx_hal_timebase_tim.c.obj
 .debug_aranges
                0x000001f0       0x90 CMakeFiles/test3.elf.dir/Core/Src/stm32f1xx_it.c.obj
 .debug_aranges
                0x00000280       0x28 CMakeFiles/test3.elf.dir/Core/Src/system_stm32f1xx.c.obj
 .debug_aranges
                0x000002a8       0x60 CMakeFiles/test3.elf.dir/Core/Src/tim.c.obj
 .debug_aranges
                0x00000308       0xe0 CMakeFiles/test3.elf.dir/Drivers/STM32F1xx_HAL_Driver/Src/stm32f1xx_hal.c.obj
 .debug_aranges
                0x000003e8       0x90 CMakeFiles/test3.elf.dir/Drivers/STM32F1xx_HAL_Driver/Src/stm32f1xx_hal_cortex.c.obj
 .debug_aranges
                0x00000478       0x80 CMakeFiles/test3.elf.dir/Drivers/STM32F1xx_HAL_Driver/Src/stm32f1xx_hal_dma.c.obj
 .debug_aranges
                0x000004f8       0x58 CMakeFiles/test3.elf.dir/Drivers/STM32F1xx_HAL_Driver/Src/stm32f1xx_hal_gpio.c.obj
 .debug_aranges
                0x00000550       0x90 CMakeFiles/test3.elf.dir/Drivers/STM32F1xx_HAL_Driver/Src/stm32f1xx_hal_rcc.c.obj
 .debug_aranges
                0x000005e0      0x3d0 CMakeFiles/test3.elf.dir/Drivers/STM32F1xx_HAL_Driver/Src/stm32f1xx_hal_tim.c.obj
 .debug_aranges
                0x000009b0      0x168 CMakeFiles/test3.elf.dir/Drivers/STM32F1xx_HAL_Driver/Src/stm32f1xx_hal_tim_ex.c.obj
 .debug_aranges
                0x00000b18       0x28 CMakeFiles/test3.elf.dir/startup/startup_stm32f103xe.s.obj

.debug_ranges   0x00000000      0xc78
 .debug_ranges  0x00000000      0x1b0 CMakeFiles/test3.elf.dir/BSP/WS2812.c.obj
 .debug_ranges  0x000001b0      0x118 CMakeFiles/test3.elf.dir/ContrlSys/ctr.c.obj
 .debug_ranges  0x000002c8       0x18 CMakeFiles/test3.elf.dir/ContrlSys/vibra.c.obj
 .debug_ranges  0x000002e0       0x10 CMakeFiles/test3.elf.dir/Core/Src/dma.c.obj
 .debug_ranges  0x000002f0       0x10 CMakeFiles/test3.elf.dir/Core/Src/gpio.c.obj
 .debug_ranges  0x00000300       0x20 CMakeFiles/test3.elf.dir/Core/Src/main.c.obj
 .debug_ranges  0x00000320       0x10 CMakeFiles/test3.elf.dir/Core/Src/stm32f1xx_hal_msp.c.obj
 .debug_ranges  0x00000330       0x20 CMakeFiles/test3.elf.dir/Core/Src/stm32f1xx_hal_timebase_tim.c.obj
 .debug_ranges  0x00000350       0x80 CMakeFiles/test3.elf.dir/Core/Src/stm32f1xx_it.c.obj
 .debug_ranges  0x000003d0       0x18 CMakeFiles/test3.elf.dir/Core/Src/system_stm32f1xx.c.obj
 .debug_ranges  0x000003e8       0x50 CMakeFiles/test3.elf.dir/Core/Src/tim.c.obj
 .debug_ranges  0x00000438       0xd0 CMakeFiles/test3.elf.dir/Drivers/STM32F1xx_HAL_Driver/Src/stm32f1xx_hal.c.obj
 .debug_ranges  0x00000508       0xe0 CMakeFiles/test3.elf.dir/Drivers/STM32F1xx_HAL_Driver/Src/stm32f1xx_hal_cortex.c.obj
 .debug_ranges  0x000005e8       0x70 CMakeFiles/test3.elf.dir/Drivers/STM32F1xx_HAL_Driver/Src/stm32f1xx_hal_dma.c.obj
 .debug_ranges  0x00000658       0x48 CMakeFiles/test3.elf.dir/Drivers/STM32F1xx_HAL_Driver/Src/stm32f1xx_hal_gpio.c.obj
 .debug_ranges  0x000006a0       0xa0 CMakeFiles/test3.elf.dir/Drivers/STM32F1xx_HAL_Driver/Src/stm32f1xx_hal_rcc.c.obj
 .debug_ranges  0x00000740      0x3c0 CMakeFiles/test3.elf.dir/Drivers/STM32F1xx_HAL_Driver/Src/stm32f1xx_hal_tim.c.obj
 .debug_ranges  0x00000b00      0x158 CMakeFiles/test3.elf.dir/Drivers/STM32F1xx_HAL_Driver/Src/stm32f1xx_hal_tim_ex.c.obj
 .debug_ranges  0x00000c58       0x20 CMakeFiles/test3.elf.dir/startup/startup_stm32f103xe.s.obj

.debug_line     0x00000000     0xc98f
 .debug_line    0x00000000      0x771 CMakeFiles/test3.elf.dir/BSP/WS2812.c.obj
 .debug_line    0x00000771      0xb5f CMakeFiles/test3.elf.dir/ContrlSys/ctr.c.obj
 .debug_line    0x000012d0      0x2f4 CMakeFiles/test3.elf.dir/ContrlSys/vibra.c.obj
 .debug_line    0x000015c4      0x23b CMakeFiles/test3.elf.dir/Core/Src/dma.c.obj
 .debug_line    0x000017ff      0x26d CMakeFiles/test3.elf.dir/Core/Src/gpio.c.obj
 .debug_line    0x00001a6c      0x40d CMakeFiles/test3.elf.dir/Core/Src/main.c.obj
 .debug_line    0x00001e79      0x1c4 CMakeFiles/test3.elf.dir/Core/Src/stm32f1xx_hal_msp.c.obj
 .debug_line    0x0000203d      0x393 CMakeFiles/test3.elf.dir/Core/Src/stm32f1xx_hal_timebase_tim.c.obj
 .debug_line    0x000023d0      0x3dd CMakeFiles/test3.elf.dir/Core/Src/stm32f1xx_it.c.obj
 .debug_line    0x000027ad      0x28e CMakeFiles/test3.elf.dir/Core/Src/system_stm32f1xx.c.obj
 .debug_line    0x00002a3b      0xd39 CMakeFiles/test3.elf.dir/Core/Src/tim.c.obj
 .debug_line    0x00003774      0x5e3 CMakeFiles/test3.elf.dir/Drivers/STM32F1xx_HAL_Driver/Src/stm32f1xx_hal.c.obj
 .debug_line    0x00003d57      0x6aa CMakeFiles/test3.elf.dir/Drivers/STM32F1xx_HAL_Driver/Src/stm32f1xx_hal_cortex.c.obj
 .debug_line    0x00004401      0xd77 CMakeFiles/test3.elf.dir/Drivers/STM32F1xx_HAL_Driver/Src/stm32f1xx_hal_dma.c.obj
 .debug_line    0x00005178      0x683 CMakeFiles/test3.elf.dir/Drivers/STM32F1xx_HAL_Driver/Src/stm32f1xx_hal_gpio.c.obj
 .debug_line    0x000057fb      0xcb8 CMakeFiles/test3.elf.dir/Drivers/STM32F1xx_HAL_Driver/Src/stm32f1xx_hal_rcc.c.obj
 .debug_line    0x000064b3     0x47c9 CMakeFiles/test3.elf.dir/Drivers/STM32F1xx_HAL_Driver/Src/stm32f1xx_hal_tim.c.obj
 .debug_line    0x0000ac7c     0x1c52 CMakeFiles/test3.elf.dir/Drivers/STM32F1xx_HAL_Driver/Src/stm32f1xx_hal_tim_ex.c.obj
 .debug_line    0x0000c8ce       0xc1 CMakeFiles/test3.elf.dir/startup/startup_stm32f103xe.s.obj

.debug_str      0x00000000     0x39c5
 .debug_str     0x00000000      0x79b CMakeFiles/test3.elf.dir/BSP/WS2812.c.obj
                                0x85a (size before relaxing)
 .debug_str     0x0000079b      0x39f CMakeFiles/test3.elf.dir/ContrlSys/ctr.c.obj
                                0xae6 (size before relaxing)
 .debug_str     0x00000b3a       0x7e CMakeFiles/test3.elf.dir/ContrlSys/vibra.c.obj
                                0x28c (size before relaxing)
 .debug_str     0x00000bb8      0x486 CMakeFiles/test3.elf.dir/Core/Src/dma.c.obj
                                0x644 (size before relaxing)
 .debug_str     0x0000103e       0x9b CMakeFiles/test3.elf.dir/Core/Src/gpio.c.obj
                                0x2cf (size before relaxing)
 .debug_str     0x000010d9      0x251 CMakeFiles/test3.elf.dir/Core/Src/main.c.obj
                                0x45e (size before relaxing)
 .debug_str     0x0000132a       0x9b CMakeFiles/test3.elf.dir/Core/Src/stm32f1xx_hal_msp.c.obj
                                0x29f (size before relaxing)
 .debug_str     0x000013c5      0x15a CMakeFiles/test3.elf.dir/Core/Src/stm32f1xx_hal_timebase_tim.c.obj
                                0xc76 (size before relaxing)
 .debug_str     0x0000151f      0x1fd CMakeFiles/test3.elf.dir/Core/Src/stm32f1xx_it.c.obj
                                0x592 (size before relaxing)
 .debug_str     0x0000171c       0xbf CMakeFiles/test3.elf.dir/Core/Src/system_stm32f1xx.c.obj
                                0x2d4 (size before relaxing)
 .debug_str     0x000017db      0x2e7 CMakeFiles/test3.elf.dir/Core/Src/tim.c.obj
                                0xb71 (size before relaxing)
 .debug_str     0x00001ac2      0x265 CMakeFiles/test3.elf.dir/Drivers/STM32F1xx_HAL_Driver/Src/stm32f1xx_hal.c.obj
                                0x988 (size before relaxing)
 .debug_str     0x00001d27      0x3f3 CMakeFiles/test3.elf.dir/Drivers/STM32F1xx_HAL_Driver/Src/stm32f1xx_hal_cortex.c.obj
                                0xa37 (size before relaxing)
 .debug_str     0x0000211a      0x259 CMakeFiles/test3.elf.dir/Drivers/STM32F1xx_HAL_Driver/Src/stm32f1xx_hal_dma.c.obj
                                0x67d (size before relaxing)
 .debug_str     0x00002373      0x183 CMakeFiles/test3.elf.dir/Drivers/STM32F1xx_HAL_Driver/Src/stm32f1xx_hal_gpio.c.obj
                                0x480 (size before relaxing)
 .debug_str     0x000024f6      0x1ff CMakeFiles/test3.elf.dir/Drivers/STM32F1xx_HAL_Driver/Src/stm32f1xx_hal_rcc.c.obj
                                0x6ab (size before relaxing)
 .debug_str     0x000026f5      0xdad CMakeFiles/test3.elf.dir/Drivers/STM32F1xx_HAL_Driver/Src/stm32f1xx_hal_tim.c.obj
                               0x16b8 (size before relaxing)
 .debug_str     0x000034a2      0x4b3 CMakeFiles/test3.elf.dir/Drivers/STM32F1xx_HAL_Driver/Src/stm32f1xx_hal_tim_ex.c.obj
                                0xeb9 (size before relaxing)
 .debug_str     0x00003955       0x70 CMakeFiles/test3.elf.dir/startup/startup_stm32f103xe.s.obj
                                 0xc6 (size before relaxing)

.comment        0x00000000       0x49
 .comment       0x00000000       0x49 CMakeFiles/test3.elf.dir/BSP/WS2812.c.obj
                                 0x4a (size before relaxing)
 .comment       0x00000049       0x4a CMakeFiles/test3.elf.dir/ContrlSys/ctr.c.obj
 .comment       0x00000049       0x4a CMakeFiles/test3.elf.dir/ContrlSys/vibra.c.obj
 .comment       0x00000049       0x4a CMakeFiles/test3.elf.dir/Core/Src/dma.c.obj
 .comment       0x00000049       0x4a CMakeFiles/test3.elf.dir/Core/Src/gpio.c.obj
 .comment       0x00000049       0x4a CMakeFiles/test3.elf.dir/Core/Src/main.c.obj
 .comment       0x00000049       0x4a CMakeFiles/test3.elf.dir/Core/Src/stm32f1xx_hal_msp.c.obj
 .comment       0x00000049       0x4a CMakeFiles/test3.elf.dir/Core/Src/stm32f1xx_hal_timebase_tim.c.obj
 .comment       0x00000049       0x4a CMakeFiles/test3.elf.dir/Core/Src/stm32f1xx_it.c.obj
 .comment       0x00000049       0x4a CMakeFiles/test3.elf.dir/Core/Src/system_stm32f1xx.c.obj
 .comment       0x00000049       0x4a CMakeFiles/test3.elf.dir/Core/Src/tim.c.obj
 .comment       0x00000049       0x4a CMakeFiles/test3.elf.dir/Drivers/STM32F1xx_HAL_Driver/Src/stm32f1xx_hal.c.obj
 .comment       0x00000049       0x4a CMakeFiles/test3.elf.dir/Drivers/STM32F1xx_HAL_Driver/Src/stm32f1xx_hal_cortex.c.obj
 .comment       0x00000049       0x4a CMakeFiles/test3.elf.dir/Drivers/STM32F1xx_HAL_Driver/Src/stm32f1xx_hal_dma.c.obj
 .comment       0x00000049       0x4a CMakeFiles/test3.elf.dir/Drivers/STM32F1xx_HAL_Driver/Src/stm32f1xx_hal_gpio.c.obj
 .comment       0x00000049       0x4a CMakeFiles/test3.elf.dir/Drivers/STM32F1xx_HAL_Driver/Src/stm32f1xx_hal_rcc.c.obj
 .comment       0x00000049       0x4a CMakeFiles/test3.elf.dir/Drivers/STM32F1xx_HAL_Driver/Src/stm32f1xx_hal_tim.c.obj
 .comment       0x00000049       0x4a CMakeFiles/test3.elf.dir/Drivers/STM32F1xx_HAL_Driver/Src/stm32f1xx_hal_tim_ex.c.obj

.debug_frame    0x00000000     0x1e34
 .debug_frame   0x00000000       0xf8 CMakeFiles/test3.elf.dir/BSP/WS2812.c.obj
 .debug_frame   0x000000f8      0x1a8 CMakeFiles/test3.elf.dir/ContrlSys/ctr.c.obj
 .debug_frame   0x000002a0       0x38 CMakeFiles/test3.elf.dir/ContrlSys/vibra.c.obj
 .debug_frame   0x000002d8       0x2c CMakeFiles/test3.elf.dir/Core/Src/dma.c.obj
 .debug_frame   0x00000304       0x30 CMakeFiles/test3.elf.dir/Core/Src/gpio.c.obj
 .debug_frame   0x00000334       0x58 CMakeFiles/test3.elf.dir/Core/Src/main.c.obj
 .debug_frame   0x0000038c       0x28 CMakeFiles/test3.elf.dir/Core/Src/stm32f1xx_hal_msp.c.obj
 .debug_frame   0x000003b4       0x54 CMakeFiles/test3.elf.dir/Core/Src/stm32f1xx_hal_timebase_tim.c.obj
 .debug_frame   0x00000408      0x138 CMakeFiles/test3.elf.dir/Core/Src/stm32f1xx_it.c.obj
 .debug_frame   0x00000540       0x30 CMakeFiles/test3.elf.dir/Core/Src/system_stm32f1xx.c.obj
 .debug_frame   0x00000570      0x130 CMakeFiles/test3.elf.dir/Core/Src/tim.c.obj
 .debug_frame   0x000006a0      0x1cc CMakeFiles/test3.elf.dir/Drivers/STM32F1xx_HAL_Driver/Src/stm32f1xx_hal.c.obj
 .debug_frame   0x0000086c      0x118 CMakeFiles/test3.elf.dir/Drivers/STM32F1xx_HAL_Driver/Src/stm32f1xx_hal_cortex.c.obj
 .debug_frame   0x00000984      0x140 CMakeFiles/test3.elf.dir/Drivers/STM32F1xx_HAL_Driver/Src/stm32f1xx_hal_dma.c.obj
 .debug_frame   0x00000ac4       0xe4 CMakeFiles/test3.elf.dir/Drivers/STM32F1xx_HAL_Driver/Src/stm32f1xx_hal_gpio.c.obj
 .debug_frame   0x00000ba8      0x190 CMakeFiles/test3.elf.dir/Drivers/STM32F1xx_HAL_Driver/Src/stm32f1xx_hal_rcc.c.obj
 .debug_frame   0x00000d38      0xb04 CMakeFiles/test3.elf.dir/Drivers/STM32F1xx_HAL_Driver/Src/stm32f1xx_hal_tim.c.obj
 .debug_frame   0x0000183c      0x40c CMakeFiles/test3.elf.dir/Drivers/STM32F1xx_HAL_Driver/Src/stm32f1xx_hal_tim_ex.c.obj
 .debug_frame   0x00001c48       0x2c c:/progra~2/gnuarm~1/102021~1.10/bin/../lib/gcc/arm-none-eabi/10.3.1/../../../../arm-none-eabi/lib/thumb/v7-m/nofp\libg.a(lib_a-init.o)
 .debug_frame   0x00001c74       0x2c c:/progra~2/gnuarm~1/102021~1.10/bin/../lib/gcc/arm-none-eabi/10.3.1/../../../../arm-none-eabi/lib/thumb/v7-m/nofp\libg.a(lib_a-memset.o)
 .debug_frame   0x00001ca0       0x5c c:/progra~2/gnuarm~1/102021~1.10/bin/../lib/gcc/arm-none-eabi/10.3.1/../../../../arm-none-eabi/lib/thumb/v7-m/nofp\libg.a(lib_a-__call_atexit.o)
 .debug_frame   0x00001cfc       0x20 c:/progra~2/gnuarm~1/102021~1.10/bin/../lib/gcc/arm-none-eabi/10.3.1/../../../../arm-none-eabi/lib/thumb/v7-m/nofp\libg.a(lib_a-atexit.o)
 .debug_frame   0x00001d1c       0x34 c:/progra~2/gnuarm~1/102021~1.10/bin/../lib/gcc/arm-none-eabi/10.3.1/../../../../arm-none-eabi/lib/thumb/v7-m/nofp\libg.a(lib_a-fini.o)
 .debug_frame   0x00001d50       0xb0 c:/progra~2/gnuarm~1/102021~1.10/bin/../lib/gcc/arm-none-eabi/10.3.1/../../../../arm-none-eabi/lib/thumb/v7-m/nofp\libg.a(lib_a-lock.o)
 .debug_frame   0x00001e00       0x34 c:/progra~2/gnuarm~1/102021~1.10/bin/../lib/gcc/arm-none-eabi/10.3.1/../../../../arm-none-eabi/lib/thumb/v7-m/nofp\libg.a(lib_a-__atexit.o)
